Component: ARM Compiler 5.06 update 6 (build 750) Tool: armlink [4d35ed]

==============================================================================

Section Cross References

    main.o(i.advertising_init) refers to memseta.o(.text) for __aeabi_memclr4
    main.o(i.advertising_init) refers to ble_advertising.o(i.ble_advertising_init) for ble_advertising_init
    main.o(i.advertising_init) refers to app_error.o(i.app_error_handler_bare) for app_error_handler_bare
    main.o(i.advertising_init) refers to main.o(.data) for m_adv_uuids
    main.o(i.advertising_init) refers to main.o(i.on_adv_evt) for on_adv_evt
    main.o(i.advertising_start) refers to memseta.o(.text) for __aeabi_memset
    main.o(i.advertising_start) refers to main.o(i.peer_list_get) for peer_list_get
    main.o(i.advertising_start) refers to peer_manager.o(i.pm_whitelist_set) for pm_whitelist_set
    main.o(i.advertising_start) refers to app_error.o(i.app_error_handler_bare) for app_error_handler_bare
    main.o(i.advertising_start) refers to peer_manager.o(i.pm_device_identities_list_set) for pm_device_identities_list_set
    main.o(i.advertising_start) refers to ble_advertising.o(i.ble_advertising_start) for ble_advertising_start
    main.o(i.advertising_start) refers to main.o(.bss) for m_whitelist_peers
    main.o(i.advertising_start) refers to main.o(.data) for m_whitelist_peer_cnt
    main.o(i.assert_nrf_callback) refers to app_error.o(i.app_error_handler) for app_error_handler
    main.o(i.ble_evt_dispatch) refers to ble_conn_state.o(i.ble_conn_state_on_ble_evt) for ble_conn_state_on_ble_evt
    main.o(i.ble_evt_dispatch) refers to peer_manager.o(i.pm_on_ble_evt) for pm_on_ble_evt
    main.o(i.ble_evt_dispatch) refers to ble_db_discovery.o(i.ble_db_discovery_on_ble_evt) for ble_db_discovery_on_ble_evt
    main.o(i.ble_evt_dispatch) refers to bsp_btn_ble.o(i.bsp_btn_ble_on_ble_evt) for bsp_btn_ble_on_ble_evt
    main.o(i.ble_evt_dispatch) refers to main.o(i.on_ble_evt) for on_ble_evt
    main.o(i.ble_evt_dispatch) refers to ble_conn_params.o(i.ble_conn_params_on_ble_evt) for ble_conn_params_on_ble_evt
    main.o(i.ble_evt_dispatch) refers to ble_cts_c.o(i.ble_cts_c_on_ble_evt) for ble_cts_c_on_ble_evt
    main.o(i.ble_evt_dispatch) refers to main.o(i.ble_hbt_on_ble_evt) for ble_hbt_on_ble_evt
    main.o(i.ble_evt_dispatch) refers to ble_advertising.o(i.ble_advertising_on_ble_evt) for ble_advertising_on_ble_evt
    main.o(i.ble_evt_dispatch) refers to main.o(.bss) for m_ble_db_discovery
    main.o(i.ble_hbt_init) refers to nrf_log_frontend.o(i.nrf_log_frontend_std_0) for nrf_log_frontend_std_0
    main.o(i.ble_hbt_init) refers to ble_srv_common.o(i.ble_srv_ascii_to_utf8) for ble_srv_ascii_to_utf8
    main.o(i.ble_hbt_init) refers to main.o(i.char_add) for char_add
    main.o(i.ble_hbt_init) refers to main.o(.data) for service_handle
    main.o(i.ble_hbt_on_ble_evt) refers to nrf_log_frontend.o(i.nrf_log_frontend_std_0) for nrf_log_frontend_std_0
    main.o(i.ble_init_start) refers to main.o(i.timers_init) for timers_init
    main.o(i.ble_init_start) refers to nrf_log_frontend.o(i.nrf_log_init) for nrf_log_init
    main.o(i.ble_init_start) refers to app_error.o(i.app_error_handler_bare) for app_error_handler_bare
    main.o(i.ble_init_start) refers to main.o(i.ble_stack_init) for ble_stack_init
    main.o(i.ble_init_start) refers to main.o(i.peer_manager_init) for peer_manager_init
    main.o(i.ble_init_start) refers to nrf_log_frontend.o(i.nrf_log_frontend_std_0) for nrf_log_frontend_std_0
    main.o(i.ble_init_start) refers to main.o(i.db_discovery_init) for db_discovery_init
    main.o(i.ble_init_start) refers to main.o(i.scheduler_init) for scheduler_init
    main.o(i.ble_init_start) refers to main.o(i.gap_params_init) for gap_params_init
    main.o(i.ble_init_start) refers to main.o(i.advertising_init) for advertising_init
    main.o(i.ble_init_start) refers to main.o(i.services_init) for services_init
    main.o(i.ble_init_start) refers to main.o(i.conn_params_init) for conn_params_init
    main.o(i.ble_init_start) refers to main.o(i.advertising_start) for advertising_start
    main.o(i.ble_stack_init) refers to softdevice_handler.o(i.softdevice_handler_init) for softdevice_handler_init
    main.o(i.ble_stack_init) refers to app_error.o(i.app_error_handler_bare) for app_error_handler_bare
    main.o(i.ble_stack_init) refers to softdevice_handler.o(i.softdevice_enable_get_default_config) for softdevice_enable_get_default_config
    main.o(i.ble_stack_init) refers to softdevice_handler.o(i.softdevice_enable) for softdevice_enable
    main.o(i.ble_stack_init) refers to softdevice_handler.o(i.softdevice_ble_evt_handler_set) for softdevice_ble_evt_handler_set
    main.o(i.ble_stack_init) refers to softdevice_handler.o(i.softdevice_sys_evt_handler_set) for softdevice_sys_evt_handler_set
    main.o(i.ble_stack_init) refers to main.o(.constdata) for .constdata
[...]
    pm_peer_ranks_get                        0x00029619   Thumb Code   208  peer_manager.o(i.pm_peer_ranks_get)
    pm_peers_delete                          0x000296f1   Thumb Code    70  peer_manager.o(i.pm_peers_delete)
    pm_register                              0x00029741   Thumb Code    52  peer_manager.o(i.pm_register)
    pm_sec_params_set                        0x00029781   Thumb Code    30  peer_manager.o(i.pm_sec_params_set)
    pm_sm_evt_handler                        0x000297a5   Thumb Code   424  peer_manager.o(i.pm_sm_evt_handler)
    pm_whitelist_get                         0x00029955   Thumb Code    58  peer_manager.o(i.pm_whitelist_get)
    pm_whitelist_set                         0x00029995   Thumb Code    30  peer_manager.o(i.pm_whitelist_set)
    sdk_mapped_flags_bulk_update_by_key      0x0002a2dd   Thumb Code   118  sdk_mapped_flags.o(i.sdk_mapped_flags_bulk_update_by_key)
    sdk_mapped_flags_first_key_index_get     0x0002a353   Thumb Code    36  sdk_mapped_flags.o(i.sdk_mapped_flags_first_key_index_get)
    sdk_mapped_flags_get_by_key              0x0002a389   Thumb Code    46  sdk_mapped_flags.o(i.sdk_mapped_flags_get_by_key)
    sdk_mapped_flags_key_list_get            0x0002a3b7   Thumb Code    66  sdk_mapped_flags.o(i.sdk_mapped_flags_key_list_get)
    sdk_mapped_flags_update_by_key           0x0002a3f9   Thumb Code    26  sdk_mapped_flags.o(i.sdk_mapped_flags_update_by_key)
    sm_ble_evt_handler                       0x0002ac4d   Thumb Code    20  security_manager.o(i.sm_ble_evt_handler)
    sm_conn_sec_config_reply                 0x0002ac65   Thumb Code    30  security_manager.o(i.sm_conn_sec_config_reply)
    sm_init                                  0x0002ac89   Thumb Code    66  security_manager.o(i.sm_init)
    sm_link_secure                           0x0002aced   Thumb Code    24  security_manager.o(i.sm_link_secure)
    sm_pdb_evt_handler                       0x0002ad05   Thumb Code    80  security_manager.o(i.sm_pdb_evt_handler)
    sm_sec_params_set                        0x0002ad65   Thumb Code    46  security_manager.o(i.sm_sec_params_set)
    sm_smd_evt_handler                       0x0002ad9d   Thumb Code   156  security_manager.o(i.sm_smd_evt_handler)
    smd_ble_evt_handler                      0x0002ae41   Thumb Code    88  security_dispatcher.o(i.smd_ble_evt_handler)
    smd_init                                 0x0002ae99   Thumb Code    58  security_dispatcher.o(i.smd_init)
    smd_link_secure                          0x0002aee5   Thumb Code    56  security_dispatcher.o(i.smd_link_secure)
    smd_params_reply                         0x0002af1d   Thumb Code   284  security_dispatcher.o(i.smd_params_reply)
    smd_pdb_evt_handler                      0x0002b0cd   Thumb Code    48  security_dispatcher.o(i.smd_pdb_evt_handler)
    softdevice_ble_evt_handler_set           0x0002b101   Thumb Code    20  softdevice_handler.o(i.softdevice_ble_evt_handler_set)
    softdevice_enable                        0x0002b119   Thumb Code    74  softdevice_handler.o(i.softdevice_enable)
    softdevice_enable_get_default_config     0x0002b1c9   Thumb Code    44  softdevice_handler.o(i.softdevice_enable_get_default_config)
    softdevice_fault_handler                 0x0002b1f5   Thumb Code    20  softdevice_handler.o(i.softdevice_fault_handler)
    softdevice_handler_init                  0x0002b209   Thumb Code   134  softdevice_handler.o(i.softdevice_handler_init)
    softdevice_handler_is_enabled            0x0002b2a5   Thumb Code     6  softdevice_handler.o(i.softdevice_handler_is_enabled)
    softdevice_sys_evt_handler_set           0x0002b2b1   Thumb Code    20  softdevice_handler.o(i.softdevice_sys_evt_handler_set)
    system_init                              0x0002b31b   Thumb Code    12  main.o(i.system_init)
    twis_init                                0x0002ba25   Thumb Code    70  main.o(i.twis_init)
    __ctype_table                            0x0002c5a4   Data         129  ctype_o.o(.constdata)
    Region$$Table$$Base                      0x0002c840   Number         0  anon$$obj.o(Region$$Table)
    Region$$Table$$Limit                     0x0002c860   Number         0  anon$$obj.o(Region$$Table)
    Image$$RW_IRAM1$$Base                    0x20002128   Number         0  anon$$obj.o ABSOLUTE
    msg_ble_send                             0x20002128   Data          64  main.o(.data)
    dummy_time                               0x20002184   Data          22  main.o(.data)
    state                                    0x2000219a   Data           1  main.o(.data)
    SystemCoreClock                          0x20002350   Data           4  system_nrf52.o(.data)
    fs_data$$Base                            0x20002354   Number         0  fds.o(fs_data)
    fs_data$$Limit                           0x20002364   Number         0  fds.o(fs_data)
    current_time                             0x200026f4   Data          25  main.o(.bss)
    nrf_nvic_state                           0x20003244   Data          12  app_util_platform.o(.bss)
    _SEGGER_RTT                              0x200039fc   Data         120  segger_rtt.o(.bss)
    __initial_sp                             0x20004a78   Data           0  arm_startup_nrf52.o(STACK)



==============================================================================

Memory Map of the image

  Image Entry point : 0x0001f201

  Load Region LR_IROM1 (Base: 0x0001f000, Size: 0x0000da9c, Max: 0x00061000, ABSOLUTE, COMPRESSED[0x0000d904])

    Execution Region ER_IROM1 (Exec base: 0x0001f000, Load base: 0x0001f000, Size: 0x0000d860, Max: 0x00061000, ABSOLUTE)

    Exec Addr    Load Addr    Size         Type   Attr      Idx    E Section Name        Object

    0x0001f000   0x0001f000   0x00000200   Data   RO         5991    RESET               arm_startup_nrf52.o
    0x0001f200   0x0001f200   0x00000000   Code   RO         7737  * .ARM.Collect$$$$00000000  mc_w.l(entry.o)
    0x0001f200   0x0001f200   0x00000004   Code   RO         8041    .ARM.Collect$$$$00000001  mc_w.l(entry2.o)
    0x0001f204   0x0001f204   0x00000004   Code   RO         8044    .ARM.Collect$$$$00000004  mc_w.l(entry5.o)
    0x0001f208   0x0001f208   0x00000000   Code   RO         8046    .ARM.Collect$$$$00000008  mc_w.l(entry7b.o)
    0x0001f208   0x0001f208   0x00000000   Code   RO         8048    .ARM.Collect$$$$0000000A  mc_w.l(entry8b.o)
    0x0001f208   0x0001f208   0x00000008   Code   RO         8049    .ARM.Collect$$$$0000000B  mc_w.l(entry9a.o)
    0x0001f210   0x0001f210   0x00000000   Code   RO         8051    .ARM.Collect$$$$0000000D  mc_w.l(entry10a.o)
    0x0001f210   0x0001f210   0x00000000   Code   RO         8053    .ARM.Collect$$$$0000000F  mc_w.l(entry11a.o)
    0x0001f210   0x0001f210   0x00000004   Code   RO         8042    .ARM.Collect$$$$00002712  mc_w.l(entry2.o)
    0x0001f214   0x0001f214   0x00000024   Code   RO         5992    .text               arm_startup_nrf52.o
    0x0001f238   0x0001f238   0x00000008   Code   RO         7740    .text               mc_w.l(ctype_o.o)
    0x0001f240   0x0001f240   0x00000024   Code   RO         7768    .text               mc_w.l(memcpya.o)
    0x0001f264   0x0001f264   0x00000024   Code   RO         7770    .text               mc_w.l(memseta.o)
    0x0001f288   0x0001f288   0x0000000e   Code   RO         7772    .text               mc_w.l(strlen.o)
    0x0001f296   0x0001f296   0x0000001a   Code   RO         7774    .text               mc_w.l(memcmp.o)
    0x0001f2b0   0x0001f2b0   0x00000012   Code   RO         7776    .text               mc_w.l(strcpy.o)
    0x0001f2c2   0x0001f2c2   0x00000062   Code   RO         8060    .text               mc_w.l(uldiv.o)
    0x0001f324   0x0001f324   0x00000024   Code   RO         8073    .text               mc_w.l(init.o)
    0x0001f348   0x0001f348   0x0000001e   Code   RO         8076    .text               mc_w.l(llshl.o)
    0x0001f366   0x0001f366   0x00000020   Code   RO         8078    .text               mc_w.l(llushr.o)
    0x0001f386   0x0001f386   0x00000056   Code   RO         8093    .text               mc_w.l(__dczerorl2.o)
    0x0001f3dc   0x0001f3dc   0x00000238   Code   RO         3411    i.GPIOTE_IRQHandler  nrf_drv_gpiote.o
    0x0001f614   0x0001f614   0x00000018   Code   RO         4441    i.NVIC_ClearPendingIRQ  app_timer.o
    0x0001f62c   0x0001f62c   0x00000018   Code   RO         5838    i.NVIC_DisableIRQ   softdevice_handler.o
    0x0001f644   0x0001f644   0x00000016   Code   RO         4442    i.NVIC_EnableIRQ    app_timer.o
    0x0001f65a   0x0001f65a   0x00000016   Code   RO         5839    i.NVIC_EnableIRQ    softdevice_handler.o
    0x0001f670   0x0001f670   0x00000018   Code   RO         4443    i.NVIC_SetPendingIRQ  app_timer.o
    0x0001f688   0x0001f688   0x00000028   Code   RO         4444    i.NVIC_SetPriority  app_timer.o
    0x0001f6b0   0x0001f6b0   0x00000050   Code   RO         3162    i.POWER_CLOCK_IRQHandler  nrf_drv_clock.o
    0x0001f700   0x0001f700   0x00000034   Code   RO         4445    i.RTC1_IRQHandler   app_timer.o
    0x0001f734   0x0001f734   0x00000018   Code   RO         5688    i.SEGGER_RTT_Init   segger_rtt.o
    0x0001f74c   0x0001f74c   0x00000084   Code   RO         5697    i.SEGGER_RTT_WriteNoLock  segger_rtt.o
    0x0001f7d0   0x0001f7d0   0x0000000e   Code   RO         4005    i.SPIM0_SPIS0_TWIM0_TWIS0_SPI0_TWI0_IRQHandler  nrf_drv_twis.o
    0x0001f7de   0x0001f7de   0x00000008   Code   RO         4446    i.SWI0_EGU0_IRQHandler  app_timer.o
    0x0001f7e6   0x0001f7e6   0x00000002   PAD
    0x0001f7e8   0x0001f7e8   0x00000030   Code   RO         5840    i.SWI2_EGU2_IRQHandler  softdevice_handler.o
    0x0001f818   0x0001f818   0x00000010   Code   RO         5999    i.SystemCoreClockUpdate  system_nrf52.o
    0x0001f828   0x0001f828   0x00000298   Code   RO         6000    i.SystemInit        system_nrf52.o
    0x0001fac0   0x0001fac0   0x00000024   Code   RO         3698    i.UARTE0_UART0_IRQHandler  nrf_drv_uart.o
    0x0001fae4   0x0001fae4   0x00000070   Code   RO         5700    i._DoInit           segger_rtt.o
    0x0001fb54   0x0001fb54   0x0000001c   Code   RO         5701    i._GetAvailWriteSpace  segger_rtt.o
    0x0001fb70   0x0001fb70   0x00000072   Code   RO         5703    i._WriteBlocking    segger_rtt.o
    0x0001fbe2   0x0001fbe2   0x0000004c   Code   RO         5704    i._WriteNoCheck     segger_rtt.o
    0x0001fc2e   0x0001fc2e   0x00000002   PAD
    0x0001fc30   0x0001fc30   0x00000030   Code   RO         7988    i.__0snprintf$8     mc_w.l(printf8.o)
    0x0001fc60   0x0001fc60   0x00000028   Code   RO         7989    i.__0sprintf$8      mc_w.l(printf8.o)
    0x0001fc88   0x0001fc88   0x0000000e   Code   RO         8087    i.__scatterload_copy  mc_w.l(handlers.o)
    0x0001fc96   0x0001fc96   0x00000002   Code   RO         8088    i.__scatterload_null  mc_w.l(handlers.o)
    0x0001fc98   0x0001fc98   0x0000000e   Code   RO         8089    i.__scatterload_zeroinit  mc_w.l(handlers.o)
    0x0001fca6   0x0001fca6   0x00000002   PAD
    0x0001fca8   0x0001fca8   0x00000038   Code   RO         5841    i.__sd_nvic_app_accessible_irq  softdevice_handler.o
    0x0001fce0   0x0001fce0   0x0000000c   Code   RO         4686    i.__sd_nvic_irq_disable  app_util_platform.o
    0x0001fcec   0x0001fcec   0x00000410   Code   RO         7994    i._printf_core      mc_w.l(printf8.o)
    0x000200fc   0x000200fc   0x00000024   Code   RO         7995    i._printf_post_padding  mc_w.l(printf8.o)
    0x00020120   0x00020120   0x0000002e   Code   RO         7996    i._printf_pre_padding  mc_w.l(printf8.o)
    0x0002014e   0x0002014e   0x00000016   Code   RO         7997    i._snputc           mc_w.l(printf8.o)
    0x00020164   0x00020164   0x0000000a   Code   RO         7998    i._sputc            mc_w.l(printf8.o)
    0x0002016e   0x0002016e   0x00000032   Code   RO         1743    i.addr_compare      id_manager.o
    0x000201a0   0x000201a0   0x00000018   Code   RO          955    i.addr_is_valid     ble_advertising.o
    0x000201b8   0x000201b8   0x0000002c   Code   RO         4775    i.address_is_valid  fds.o
    0x000201e4   0x000201e4   0x0000016c   Code   RO          845    i.adv_data_encode   ble_advdata.o
    0x00020350   0x00020350   0x00000060   Code   RO          956    i.adv_mode_next_avail_get  ble_advertising.o
    0x000203b0   0x000203b0   0x00000012   Code   RO          957    i.adv_mode_next_get  ble_advertising.o
    0x000203c2   0x000203c2   0x00000012   Code   RO          846    i.advdata_check     ble_advdata.o
    0x000203d4   0x000203d4   0x00000054   Code   RO          747    i.advertising_buttons_configure  bsp_btn_ble.o
    0x00020428   0x00020428   0x00000084   Code   RO            4    i.advertising_init  main.o
    0x000204ac   0x000204ac   0x00000088   Code   RO            5    i.advertising_start  main.o
    0x00020534   0x00020534   0x00000056   Code   RO         1744    i.ah                id_manager.o
    0x0002058a   0x0002058a   0x0000000c   Code   RO          635    i.alert_timer_handler  bsp.o
    0x00020596   0x00020596   0x00000002   PAD
    0x00020598   0x00020598   0x0000002c   Code   RO         4256    i.app_button_enable  app_button.o
    0x000205c4   0x000205c4   0x000000a8   Code   RO         4257    i.app_button_init   app_button.o
    0x0002066c   0x0002066c   0x00000090   Code   RO         4360    i.app_error_fault_handler  app_error_weak.o
    0x000206fc   0x000206fc   0x0000001c   Code   RO         4318    i.app_error_handler_bare  app_error.o
    0x00020718   0x00020718   0x000000b8   Code   RO         4388    i.app_sched_event_put  app_scheduler.o
    0x000207d0   0x000207d0   0x00000074   Code   RO         4389    i.app_sched_execute  app_scheduler.o
    0x00020844   0x00020844   0x0000005c   Code   RO         4390    i.app_sched_init    app_scheduler.o
    0x000208a0   0x000208a0   0x0000003c   Code   RO         4449    i.app_timer_create  app_timer.o
    0x000208dc   0x000208dc   0x00000030   Code   RO         4657    i.app_timer_evt_get  app_timer_appsh.o
    0x0002090c   0x0002090c   0x0000001c   Code   RO         4658    i.app_timer_evt_schedule  app_timer_appsh.o
    0x00020928   0x00020928   0x0000008c   Code   RO         4450    i.app_timer_init    app_timer.o
    0x000209b4   0x000209b4   0x00000054   Code   RO         4451    i.app_timer_start   app_timer.o
    0x00020a08   0x00020a08   0x00000030   Code   RO         4452    i.app_timer_stop    app_timer.o
    0x00020a38   0x00020a38   0x0000000c   Code   RO         4687    i.app_util_critical_region_enter  app_util_platform.o
    0x00020a44   0x00020a44   0x00000048   Code   RO         4688    i.app_util_critical_region_exit  app_util_platform.o
    0x00020a8c   0x00020a8c   0x00000052   Code   RO          847    i.appearance_encode  ble_advdata.o
    0x00020ade   0x00020ade   0x00000002   PAD
    0x00020ae0   0x00020ae0   0x00000058   Code   RO         1517    i.apply_pending_flags_check  gatt_cache_manager.o
    0x00020b38   0x00020b38   0x00000014   Code   RO         2791    i.auth_status_failure_process  security_dispatcher.o
    0x00020b4c   0x00020b4c   0x0000001c   Code   RO         2792    i.auth_status_process  security_dispatcher.o
    0x00020b68   0x00020b68   0x000000bc   Code   RO         2793    i.auth_status_success_process  security_dispatcher.o
    0x00020c24   0x00020c24   0x00000094   Code   RO          848    i.ble_advdata_set   ble_advdata.o
    0x00020cb8   0x00020cb8   0x00000174   Code   RO          958    i.ble_advertising_init  ble_advertising.o
    0x00020e2c   0x00020e2c   0x00000032   Code   RO          959    i.ble_advertising_on_ble_evt  ble_advertising.o
    0x00020e5e   0x00020e5e   0x00000002   PAD
    0x00020e60   0x00020e60   0x0000004c   Code   RO          960    i.ble_advertising_on_sys_evt  ble_advertising.o
    0x00020eac   0x00020eac   0x00000058   Code   RO          962    i.ble_advertising_restart_without_whitelist  ble_advertising.o
    0x00020f04   0x00020f04   0x00000168   Code   RO          963    i.ble_advertising_start  ble_advertising.o
    0x0002106c   0x0002106c   0x00000030   Code   RO          964    i.ble_advertising_whitelist_reply  ble_advertising.o
    0x0002109c   0x0002109c   0x00000070   Code   RO         1082    i.ble_conn_params_init  ble_conn_params.o
    0x0002110c   0x0002110c   0x0000003e   Code   RO         1083    i.ble_conn_params_on_ble_evt  ble_conn_params.o
    0x0002114a   0x0002114a   0x00000002   PAD
    0x0002114c   0x0002114c   0x00000018   Code   RO         1171    i.ble_conn_state_conn_handles  ble_conn_state.o
    0x00021164   0x00021164   0x00000018   Code   RO         1172    i.ble_conn_state_encrypted  ble_conn_state.o
    0x0002117c   0x0002117c   0x00000018   Code   RO         1174    i.ble_conn_state_mitm_protected  ble_conn_state.o
    0x00021194   0x00021194   0x0000009c   Code   RO         1178    i.ble_conn_state_on_ble_evt  ble_conn_state.o
    0x00021230   0x00021230   0x00000038   Code   RO         1180    i.ble_conn_state_role  ble_conn_state.o
    0x00021268   0x00021268   0x0000003c   Code   RO         1181    i.ble_conn_state_status  ble_conn_state.o
    0x000212a4   0x000212a4   0x00000024   Code   RO         1182    i.ble_conn_state_user_flag_acquire  ble_conn_state.o
    0x000212c8   0x000212c8   0x0000001c   Code   RO         1183    i.ble_conn_state_user_flag_collection  ble_conn_state.o
    0x000212e4   0x000212e4   0x00000024   Code   RO         1184    i.ble_conn_state_user_flag_get  ble_conn_state.o
    0x00021308   0x00021308   0x00000024   Code   RO         1185    i.ble_conn_state_user_flag_set  ble_conn_state.o
    0x0002132c   0x0002132c   0x0000001a   Code   RO         3077    i.ble_cts_c_current_time_read  ble_cts_c.o
    0x00021346   0x00021346   0x0000001e   Code   RO         3078    i.ble_cts_c_handles_assign  ble_cts_c.o
    0x00021364   0x00021364   0x00000064   Code   RO         3079    i.ble_cts_c_init    ble_cts_c.o
    0x000213c8   0x000213c8   0x0000000e   Code   RO         3080    i.ble_cts_c_is_cts_discovered  ble_cts_c.o
    0x000213d6   0x000213d6   0x0000002a   Code   RO         3081    i.ble_cts_c_on_ble_evt  ble_cts_c.o
    0x00021400   0x00021400   0x000000b8   Code   RO         3082    i.ble_cts_c_on_db_disc_evt  ble_cts_c.o
    0x000214b8   0x000214b8   0x0000003c   Code   RO         3083    i.ble_date_time_decode  ble_cts_c.o
    0x000214f4   0x000214f4   0x00000034   Code   RO         1328    i.ble_db_discovery_evt_register  ble_db_discovery.o
    0x00021528   0x00021528   0x00000038   Code   RO         1329    i.ble_db_discovery_init  ble_db_discovery.o
    0x00021560   0x00021560   0x0000006c   Code   RO         1330    i.ble_db_discovery_on_ble_evt  ble_db_discovery.o
    0x000215cc   0x000215cc   0x000000ac   Code   RO         1331    i.ble_db_discovery_start  ble_db_discovery.o
    0x00021678   0x00021678   0x00000076   Code   RO          849    i.ble_device_addr_encode  ble_advdata.o
    0x000216ee   0x000216ee   0x00000002   PAD
    0x000216f0   0x000216f0   0x00000050   Code   RO            7    i.ble_evt_dispatch  main.o
    0x00021740   0x00021740   0x000000cc   Code   RO            8    i.ble_hbt_init      main.o
    0x0002180c   0x0002180c   0x00000130   Code   RO            9    i.ble_hbt_on_ble_evt  main.o
    0x0002193c   0x0002193c   0x00000094   Code   RO           10    i.ble_init_start    main.o
    0x000219d0   0x000219d0   0x00000012   Code   RO         1449    i.ble_srv_ascii_to_utf8  ble_srv_common.o
    0x000219e2   0x000219e2   0x00000012   Code   RO         1451    i.ble_srv_is_notification_enabled  ble_srv_common.o
    0x000219f4   0x000219f4   0x000000b4   Code   RO           11    i.ble_stack_init    main.o
    0x00021aa8   0x00021aa8   0x0000000c   Code   RO          517    i.bsp_board_button_idx_to_pin  boards.o
    0x00021ab4   0x00021ab4   0x00000030   Code   RO          521    i.bsp_board_led_invert  boards.o
    0x00021ae4   0x00021ae4   0x00000014   Code   RO          522    i.bsp_board_led_off  boards.o
    0x00021af8   0x00021af8   0x00000014   Code   RO          523    i.bsp_board_led_on  boards.o
    0x00021b0c   0x00021b0c   0x00000030   Code   RO          524    i.bsp_board_led_state_get  boards.o
    0x00021b3c   0x00021b3c   0x00000030   Code   RO          525    i.bsp_board_leds_init  boards.o
    0x00021b6c   0x00021b6c   0x00000014   Code   RO          526    i.bsp_board_leds_off  boards.o
    0x00021b80   0x00021b80   0x00000014   Code   RO          527    i.bsp_board_leds_on  boards.o
    0x00021b94   0x00021b94   0x00000024   Code   RO          528    i.bsp_board_pin_to_button_idx  boards.o
    0x00021bb8   0x00021bb8   0x00000078   Code   RO          749    i.bsp_btn_ble_on_ble_evt  bsp_btn_ble.o
    0x00021c30   0x00021c30   0x00000032   Code   RO          750    i.bsp_btn_ble_sleep_mode_prepare  bsp_btn_ble.o
    0x00021c62   0x00021c62   0x00000002   PAD
    0x00021c64   0x00021c64   0x000000d0   Code   RO          636    i.bsp_button_event_handler  bsp.o
    0x00021d34   0x00021d34   0x00000028   Code   RO           12    i.bsp_configuration  main.o
    0x00021d5c   0x00021d5c   0x000001cc   Code   RO           13    i.bsp_event_handler  main.o
    0x00021f28   0x00021f28   0x0000005c   Code   RO          640    i.bsp_event_to_button_action_assign  bsp.o
    0x00021f84   0x00021f84   0x00000020   Code   RO          641    i.bsp_indication_set  bsp.o
    0x00021fa4   0x00021fa4   0x000000b4   Code   RO          642    i.bsp_init          bsp.o
    0x00022058   0x00022058   0x00000320   Code   RO          643    i.bsp_led_indication  bsp.o
    0x00022378   0x00022378   0x00000016   Code   RO          645    i.bsp_wakeup_button_enable  bsp.o
    0x0002238e   0x0002238e   0x00000014   Code   RO         5446    i.buf_len_update    nrf_log_backend_serial.o
    0x000223a2   0x000223a2   0x00000002   PAD
    0x000223a4   0x000223a4   0x00000098   Code   RO         5551    i.buf_prealloc      nrf_log_frontend.o
    0x0002243c   0x0002243c   0x00000018   Code   RO         5552    i.buffer_is_empty   nrf_log_frontend.o
    0x00022454   0x00022454   0x0000000e   Code   RO          646    i.button_timer_handler  bsp.o
    0x00022462   0x00022462   0x00000032   Code   RO         5447    i.byte2hex          nrf_log_backend_serial.o
    0x00022494   0x00022494   0x00000020   Code   RO         1518    i.cccd_written      gatt_cache_manager.o
    0x000224b4   0x000224b4   0x00000020   Code   RO         3412    i.channel_free      nrf_drv_gpiote.o
    0x000224d4   0x000224d4   0x00000010   Code   RO         3413    i.channel_handler_get  nrf_drv_gpiote.o
    0x000224e4   0x000224e4   0x00000080   Code   RO         3414    i.channel_port_alloc  nrf_drv_gpiote.o
    0x00022564   0x00022564   0x0000000c   Code   RO         3415    i.channel_port_get  nrf_drv_gpiote.o
    0x00022570   0x00022570   0x000000f0   Code   RO           14    i.char_add          main.o
    0x00022660   0x00022660   0x00000060   Code   RO         1332    i.characteristics_discover  ble_db_discovery.o
    0x000226c0   0x000226c0   0x00000020   Code   RO         5201    i.check_config      fstorage.o
    0x000226e0   0x000226e0   0x00000022   Code   RO         4776    i.chunk_is_aligned  fds.o
    0x00022702   0x00022702   0x00000002   PAD
    0x00022704   0x00022704   0x00000030   Code   RO         4777    i.chunk_queue_get_and_advance  fds.o
    0x00022734   0x00022734   0x00000020   Code   RO         4778    i.chunk_queue_next  fds.o
    0x00022754   0x00022754   0x0000002c   Code   RO         4779    i.chunk_queue_skip  fds.o
    0x00022780   0x00022780   0x0000004a   Code   RO         2324    i.claim             peer_id.o
    0x000227ca   0x000227ca   0x00000002   PAD
    0x000227cc   0x000227cc   0x00000030   Code   RO         3163    i.clock_clk_started_notify  nrf_drv_clock.o
    0x000227fc   0x000227fc   0x00000028   Code   RO           15    i.clock_initialization  main.o
    0x00022824   0x00022824   0x00000090   Code   RO         4454    i.compare_reg_update  app_timer.o
    0x000228b4   0x000228b4   0x0000005a   Code   RO          850    i.conn_int_check    ble_advdata.o
    0x0002290e   0x0002290e   0x00000068   Code   RO          851    i.conn_int_encode   ble_advdata.o
    0x00022976   0x00022976   0x00000010   Code   RO           16    i.conn_params_error_handler  main.o
    0x00022986   0x00022986   0x00000002   PAD
    0x00022988   0x00022988   0x0000005c   Code   RO           17    i.conn_params_init  main.o
    0x000229e4   0x000229e4   0x00000084   Code   RO         1085    i.conn_params_negotiation  ble_conn_params.o
    0x00022a68   0x00022a68   0x00000058   Code   RO         2794    i.conn_sec_update_process  security_dispatcher.o
    0x00022ac0   0x00022ac0   0x00000054   Code   RO          751    i.connection_buttons_configure  bsp_btn_ble.o
    0x00022b14   0x00022b14   0x00000062   Code   RO         3084    i.current_time_decode  ble_cts_c.o
    0x00022b76   0x00022b76   0x00000010   Code   RO           18    i.current_time_error_handler  main.o
    0x00022b86   0x00022b86   0x00000002   PAD
    0x00022b88   0x00022b88   0x00000134   Code   RO           19    i.current_time_print  main.o
    0x00022cbc   0x00022cbc   0x00000056   Code   RO         3085    i.current_time_read  ble_cts_c.o
    0x00022d12   0x00022d12   0x0000005e   Code   RO         3086    i.current_time_validate  ble_cts_c.o
    0x00022d70   0x00022d70   0x00000014   Code   RO           20    i.db_disc_handler   main.o
    0x00022d84   0x00022d84   0x00000024   Code   RO           21    i.db_discovery_init  main.o
    0x00022da8   0x00022da8   0x0000004a   Code   RO         4780    i.delete_execute    fds.o
    0x00022df2   0x00022df2   0x000000b6   Code   RO         1333    i.descriptors_discover  ble_db_discovery.o
    0x00022ea8   0x00022ea8   0x0000008c   Code   RO         4259    i.detection_delay_timeout_handler  app_button.o
    0x00022f34   0x00022f34   0x00000022   Code   RO         2795    i.disconnect_process  security_dispatcher.o
    0x00022f56   0x00022f56   0x00000002   PAD
    0x00022f58   0x00022f58   0x000000c8   Code   RO         1334    i.discovery_complete_evt_trigger  ble_db_discovery.o
    0x00023020   0x00023020   0x0000003e   Code   RO         1335    i.discovery_error_evt_trigger  ble_db_discovery.o
    0x0002305e   0x0002305e   0x00000002   PAD
    0x00023060   0x00023060   0x00000064   Code   RO         4455    i.elapsed_ticks_acquire  app_timer.o
    0x000230c4   0x000230c4   0x00000038   Code   RO         2796    i.encryption_failure  security_dispatcher.o
    0x000230fc   0x000230fc   0x0000000a   Code   RO         5202    i.erase_execute     fstorage.o
    0x00023106   0x00023106   0x00000076   Code   RO         4782    i.event_prepare     fds.o
    0x0002317c   0x0002317c   0x00000028   Code   RO         4783    i.event_send        fds.o
    0x000231a4   0x000231a4   0x00000042   Code   RO         2941    i.events_send_from_err_code  security_manager.o
    0x000231e6   0x000231e6   0x00000002   PAD
    0x000231e8   0x000231e8   0x00000020   Code   RO         1519    i.evt_send          gatt_cache_manager.o
    0x00023208   0x00023208   0x00000020   Code   RO         1653    i.evt_send          gatts_cache_manager.o
    0x00023228   0x00023228   0x00000020   Code   RO         1745    i.evt_send          id_manager.o
    0x00023248   0x00023248   0x00000028   Code   RO         2419    i.evt_send          peer_manager.o
    0x00023270   0x00023270   0x00000020   Code   RO         2797    i.evt_send          security_dispatcher.o
    0x00023290   0x00023290   0x00000020   Code   RO         2942    i.evt_send          security_manager.o
    0x000232b0   0x000232b0   0x00000058   Code   RO         4456    i.expired_timers_handler  app_timer.o
    0x00023308   0x00023308   0x0000013c   Code   RO         1977    i.fds_evt_handler   peer_data_storage.o
    0x00023444   0x00023444   0x00000048   Code   RO         4785    i.fds_file_delete   fds.o
    0x0002348c   0x0002348c   0x00000040   Code   RO         4786    i.fds_gc            fds.o
    0x000234cc   0x000234cc   0x000000ae   Code   RO         4787    i.fds_init          fds.o
    0x0002357a   0x0002357a   0x00000002   PAD
    0x0002357c   0x0002357c   0x00000058   Code   RO         4788    i.fds_record_close  fds.o
    0x000235d4   0x000235d4   0x00000016   Code   RO         4790    i.fds_record_find   fds.o
    0x000235ea   0x000235ea   0x00000014   Code   RO         4791    i.fds_record_find_by_key  fds.o
    0x000235fe   0x000235fe   0x00000014   Code   RO         4792    i.fds_record_find_in_file  fds.o
    0x00023612   0x00023612   0x00000012   Code   RO         4793    i.fds_record_id_from_desc  fds.o
    0x00023624   0x00023624   0x0000004c   Code   RO         4795    i.fds_record_open   fds.o
    0x00023670   0x00023670   0x0000001a   Code   RO         4796    i.fds_record_update  fds.o
    0x0002368a   0x0002368a   0x00000014   Code   RO         4797    i.fds_record_write  fds.o
    0x0002369e   0x0002369e   0x0000001c   Code   RO         4798    i.fds_record_write_reserved  fds.o
    0x000236ba   0x000236ba   0x00000002   PAD
    0x000236bc   0x000236bc   0x00000030   Code   RO         4799    i.fds_register      fds.o
    0x000236ec   0x000236ec   0x00000030   Code   RO         4800    i.fds_reserve       fds.o
    0x0002371c   0x0002371c   0x00000050   Code   RO         4801    i.fds_reserve_cancel  fds.o
    0x0002376c   0x0002376c   0x00000034   Code   RO         4803    i.file_find_and_delete  fds.o
    0x000237a0   0x000237a0   0x0000000a   Code   RO         1978    i.file_id_to_peer_id  peer_data_storage.o
    0x000237aa   0x000237aa   0x00000018   Code   RO         1979    i.file_id_within_pm_range  peer_data_storage.o
    0x000237c2   0x000237c2   0x00000002   PAD
    0x000237c4   0x000237c4   0x00000010   Code   RO         4804    i.flag_clear        fds.o
    0x000237d4   0x000237d4   0x00000012   Code   RO         2798    i.flag_id_init      security_dispatcher.o
    0x000237e6   0x000237e6   0x00000012   Code   RO         2943    i.flag_id_init      security_manager.o
    0x000237f8   0x000237f8   0x00000018   Code   RO         4805    i.flag_is_set       fds.o
    0x00023810   0x00023810   0x00000010   Code   RO         4806    i.flag_set          fds.o
    0x00023820   0x00023820   0x00000036   Code   RO          852    i.flags_encode      ble_advdata.o
    0x00023856   0x00023856   0x00000002   PAD
    0x00023858   0x00023858   0x0000009c   Code   RO         2944    i.flags_set_from_err_code  security_manager.o
    0x000238f4   0x000238f4   0x00000014   Code   RO          965    i.flash_access_in_progress  ble_advertising.o
    0x00023908   0x00023908   0x00000080   Code   RO         5203    i.fs_erase          fstorage.o
    0x00023988   0x00023988   0x0000000e   Code   RO         4807    i.fs_event_handler  fds.o
    0x00023996   0x00023996   0x00000018   Code   RO         5205    i.fs_flash_page_end_addr  fstorage.o
    0x000239ae   0x000239ae   0x00000002   PAD
    0x000239b0   0x000239b0   0x000000c0   Code   RO         5206    i.fs_init           fstorage.o
    0x00023a70   0x00023a70   0x00000018   Code   RO         5209    i.fs_queued_op_count_get  fstorage.o
    0x00023a88   0x00023a88   0x00000094   Code   RO         5210    i.fs_store          fstorage.o
    0x00023b1c   0x00023b1c   0x0000006c   Code   RO         5211    i.fs_sys_event_handler  fstorage.o
    0x00023b88   0x00023b88   0x00000084   Code   RO           22    i.gap_params_init   main.o
    0x00023c0c   0x00023c0c   0x00000070   Code   RO         4808    i.gc_execute        fds.o
    0x00023c7c   0x00023c7c   0x0000003c   Code   RO         4809    i.gc_init           fds.o
    0x00023cb8   0x00023cb8   0x00000028   Code   RO         4810    i.gc_next_page      fds.o
    0x00023ce0   0x00023ce0   0x00000044   Code   RO         4811    i.gc_page_erase     fds.o
    0x00023d24   0x00023d24   0x00000048   Code   RO         4812    i.gc_page_next      fds.o
    0x00023d6c   0x00023d6c   0x00000040   Code   RO         4813    i.gc_record_copy    fds.o
    0x00023dac   0x00023dac   0x00000024   Code   RO         4814    i.gc_record_find_next  fds.o
    0x00023dd0   0x00023dd0   0x00000058   Code   RO         4815    i.gc_state_advance  fds.o
    0x00023e28   0x00023e28   0x0000002c   Code   RO         4816    i.gc_swap_erase     fds.o
    0x00023e54   0x00023e54   0x00000044   Code   RO         4817    i.gc_swap_pages     fds.o
    0x00023e98   0x00023e98   0x00000020   Code   RO         4818    i.gc_swap_promote   fds.o
    0x00023eb8   0x00023eb8   0x00000018   Code   RO         4819    i.gc_tag_new_swap   fds.o
    0x00023ed0   0x00023ed0   0x00000020   Code   RO         4820    i.gc_update_swap_offset  fds.o
    0x00023ef0   0x00023ef0   0x00000074   Code   RO         1520    i.gcm_ble_evt_handler  gatt_cache_manager.o
    0x00023f64   0x00023f64   0x00000078   Code   RO         1521    i.gcm_gscm_evt_handler  gatt_cache_manager.o
    0x00023fdc   0x00023fdc   0x00000030   Code   RO         1522    i.gcm_im_evt_handler  gatt_cache_manager.o
    0x0002400c   0x0002400c   0x00000068   Code   RO         1523    i.gcm_init          gatt_cache_manager.o
    0x00024074   0x00024074   0x0000004c   Code   RO         1524    i.gcm_local_database_has_changed  gatt_cache_manager.o
    0x000240c0   0x000240c0   0x00000018   Code   RO         1527    i.gcm_smd_evt_handler  gatt_cache_manager.o
    0x000240d8   0x000240d8   0x0000003c   Code   RO         1746    i.get_connection_by_conn_handle  id_manager.o
    0x00024114   0x00024114   0x00000034   Code   RO         1747    i.get_free_connection  id_manager.o
    0x00024148   0x00024148   0x00000080   Code   RO         4260    i.gpiote_event_handler  app_button.o
    0x000241c8   0x000241c8   0x0000001c   Code   RO         1654    i.gscm_db_change_notification_done  gatts_cache_manager.o
    0x000241e4   0x000241e4   0x00000014   Code   RO         1655    i.gscm_init         gatts_cache_manager.o
    0x000241f8   0x000241f8   0x00000018   Code   RO         1656    i.gscm_local_database_has_changed  gatts_cache_manager.o
    0x00024210   0x00024210   0x00000090   Code   RO         1657    i.gscm_local_db_cache_apply  gatts_cache_manager.o
    0x000242a0   0x000242a0   0x00000096   Code   RO         1659    i.gscm_local_db_cache_update  gatts_cache_manager.o
    0x00024336   0x00024336   0x00000002   PAD
    0x00024338   0x00024338   0x00000054   Code   RO         1660    i.gscm_pdb_evt_handler  gatts_cache_manager.o
    0x0002438c   0x0002438c   0x00000024   Code   RO         1661    i.gscm_service_changed_ind_needed  gatts_cache_manager.o
    0x000243b0   0x000243b0   0x0000003c   Code   RO         1662    i.gscm_service_changed_ind_send  gatts_cache_manager.o
    0x000243ec   0x000243ec   0x00000018   Code   RO         4821    i.header_is_valid   fds.o
    0x00024404   0x00024404   0x00000058   Code   RO           24    i.heartbeat_update  main.o
    0x0002445c   0x0002445c   0x00000054   Code   RO           25    i.i2c_init          main.o
    0x000244b0   0x000244b0   0x0000004c   Code   RO         1748    i.im_address_resolve  id_manager.o
    0x000244fc   0x000244fc   0x00000034   Code   RO         1749    i.im_ble_addr_get   id_manager.o
    0x00024530   0x00024530   0x000000ce   Code   RO         1750    i.im_ble_evt_handler  id_manager.o
    0x000245fe   0x000245fe   0x00000002   PAD
    0x00024600   0x00024600   0x00000030   Code   RO         1751    i.im_conn_handle_get  id_manager.o
    0x00024630   0x00024630   0x000000b0   Code   RO         1752    i.im_device_identities_list_set  id_manager.o
    0x000246e0   0x000246e0   0x0000002c   Code   RO         1755    i.im_init           id_manager.o
    0x0002470c   0x0002470c   0x00000044   Code   RO         1756    i.im_is_duplicate_bonding_data  id_manager.o
    0x00024750   0x00024750   0x00000022   Code   RO         1757    i.im_master_id_is_valid  id_manager.o
    0x00024772   0x00024772   0x00000032   Code   RO         1758    i.im_master_ids_compare  id_manager.o
    0x000247a4   0x000247a4   0x00000010   Code   RO         1759    i.im_new_peer_id    id_manager.o
    0x000247b4   0x000247b4   0x0000007c   Code   RO         1760    i.im_pdb_evt_handler  id_manager.o
    0x00024830   0x00024830   0x0000002a   Code   RO         1761    i.im_peer_free      id_manager.o
    0x0002485a   0x0002485a   0x00000002   PAD
    0x0002485c   0x0002485c   0x00000028   Code   RO         1762    i.im_peer_id_get_by_conn_handle  id_manager.o
    0x00024884   0x00024884   0x00000040   Code   RO         1763    i.im_peer_id_get_by_master_id  id_manager.o
    0x000248c4   0x000248c4   0x00000048   Code   RO         1766    i.im_whitelist_get  id_manager.o
    0x0002490c   0x0002490c   0x00000080   Code   RO         1767    i.im_whitelist_set  id_manager.o
    0x0002498c   0x0002498c   0x00000118   Code   RO         4822    i.init_execute      fds.o
    0x00024aa4   0x00024aa4   0x0000003e   Code   RO           26    i.init_gpio_pin     main.o
    0x00024ae2   0x00024ae2   0x00000002   PAD
    0x00024ae4   0x00024ae4   0x000000b8   Code   RO         5842    i.intern_softdevice_events_execute  softdevice_handler.o
    0x00024b9c   0x00024b9c   0x0000000c   Code   RO         1528    i.internal_state_reset  gatt_cache_manager.o
    0x00024ba8   0x00024ba8   0x00000018   Code   RO         1663    i.internal_state_reset  gatts_cache_manager.o
    0x00024bc0   0x00024bc0   0x0000002c   Code   RO         1768    i.internal_state_reset  id_manager.o
    0x00024bec   0x00024bec   0x00000020   Code   RO         2145    i.internal_state_reset  peer_database.o
    0x00024c0c   0x00024c0c   0x0000000e   Code   RO         2325    i.internal_state_reset  peer_id.o
    0x00024c1a   0x00024c1a   0x00000002   PAD
    0x00024c1c   0x00024c1c   0x0000002c   Code   RO         2420    i.internal_state_reset  peer_manager.o
    0x00024c48   0x00024c48   0x00000024   Code   RO         1336    i.is_char_discovery_reqd  ble_db_discovery.o
    0x00024c6c   0x00024c6c   0x00000024   Code   RO         1086    i.is_conn_params_ok  ble_conn_params.o
    0x00024c90   0x00024c90   0x0000005e   Code   RO         1337    i.is_desc_discovery_reqd  ble_db_discovery.o
    0x00024cee   0x00024cee   0x00000018   Code   RO         1769    i.is_valid_irk      id_manager.o
    0x00024d06   0x00024d06   0x00000010   Code   RO         4823    i.is_word_aligned   fds.o
    0x00024d16   0x00024d16   0x0000000c   Code   RO         3166    i.item_dequeue      nrf_drv_clock.o
    0x00024d22   0x00024d22   0x00000002   PAD
    0x00024d24   0x00024d24   0x00000020   Code   RO          647    i.leds_timer_handler  bsp.o
    0x00024d44   0x00024d44   0x000000c4   Code   RO         2945    i.link_secure       security_manager.o
    0x00024e08   0x00024e08   0x0000008e   Code   RO         2799    i.link_secure_central  security_dispatcher.o
    0x00024e96   0x00024e96   0x000000e8   Code   RO         2800    i.link_secure_central_existing_peer  security_dispatcher.o
    0x00024f7e   0x00024f7e   0x0000007c   Code   RO         2801    i.link_secure_central_new_peer  security_dispatcher.o
    0x00024ffa   0x00024ffa   0x00000002   PAD
    0x00024ffc   0x00024ffc   0x00000058   Code   RO         2802    i.link_secure_failure  security_dispatcher.o
    0x00025054   0x00025054   0x00000080   Code   RO         2946    i.link_secure_pending_process  security_manager.o
    0x000250d4   0x000250d4   0x00000012   Code   RO         2803    i.link_secure_peripheral  security_dispatcher.o
    0x000250e6   0x000250e6   0x00000002   PAD
    0x000250e8   0x000250e8   0x0000007c   Code   RO         4457    i.list_deletions_handler  app_timer.o
    0x00025164   0x00025164   0x000000f8   Code   RO         4458    i.list_insertions_handler  app_timer.o
    0x0002525c   0x0002525c   0x000000a0   Code   RO         1529    i.local_db_apply_in_evt  gatt_cache_manager.o
    0x000252fc   0x000252fc   0x000000b8   Code   RO         1530    i.local_db_update_in_evt  gatt_cache_manager.o
    0x000253b4   0x000253b4   0x00000034   Code   RO         2738    i.lock_by_mask      pm_mutex.o
    0x000253e8   0x000253e8   0x00000158   Code   RO           27    i.main              main.o
    0x00025540   0x00025540   0x00000076   Code   RO          853    i.manuf_specific_data_encode  ble_advdata.o
    0x000255b6   0x000255b6   0x000000c2   Code   RO          854    i.name_encode       ble_advdata.o
    0x00025678   0x00025678   0x00000070   Code   RO         1770    i.new_connection    id_manager.o
    0x000256e8   0x000256e8   0x00000034   Code   RO         2326    i.next_id_get       peer_id.o
    0x0002571c   0x0002571c   0x00000018   Code   RO         4392    i.next_index        app_scheduler.o
    0x00025734   0x00025734   0x00000058   Code   RO         6087    i.nrf52_errata_108  system_nrf52.o
    0x0002578c   0x0002578c   0x00000058   Code   RO         6099    i.nrf52_errata_12   system_nrf52.o
    0x000257e4   0x000257e4   0x00000058   Code   RO         6110    i.nrf52_errata_136  system_nrf52.o
    0x0002583c   0x0002583c   0x0000003c   Code   RO         6129    i.nrf52_errata_16   system_nrf52.o
    0x00025878   0x00025878   0x0000003c   Code   RO         6146    i.nrf52_errata_182  system_nrf52.o
    0x000258b4   0x000258b4   0x00000058   Code   RO         6193    i.nrf52_errata_31   system_nrf52.o
    0x0002590c   0x0002590c   0x0000003c   Code   RO         6194    i.nrf52_errata_32   system_nrf52.o
    0x00025948   0x00025948   0x00000058   Code   RO         6198    i.nrf52_errata_36   system_nrf52.o
    0x000259a0   0x000259a0   0x0000003c   Code   RO         6199    i.nrf52_errata_37   system_nrf52.o
    0x000259dc   0x000259dc   0x0000003c   Code   RO         6215    i.nrf52_errata_57   system_nrf52.o
    0x00025a18   0x00025a18   0x00000058   Code   RO         6221    i.nrf52_errata_66   system_nrf52.o
    0x00025a70   0x00025a70   0x00000016   Code   RO         3416    i.nrf_bitmask_bit_is_set  nrf_drv_gpiote.o
    0x00025a86   0x00025a86   0x00000012   Code   RO         3170    i.nrf_clock_event_check  nrf_drv_clock.o
    0x00025a98   0x00025a98   0x00000012   Code   RO         3171    i.nrf_clock_event_clear  nrf_drv_clock.o
    0x00025aaa   0x00025aaa   0x00000002   PAD
    0x00025aac   0x00025aac   0x0000000c   Code   RO         3173    i.nrf_clock_int_disable  nrf_drv_clock.o
    0x00025ab8   0x00025ab8   0x0000009c   Code   RO         4459    i.nrf_delay_us      app_timer.o
    0x00025b54   0x00025b54   0x00000020   Code   RO         4006    i.nrf_drv_call_event_handler  nrf_drv_twis.o
    0x00025b74   0x00025b74   0x00000068   Code   RO         3182    i.nrf_drv_clock_init  nrf_drv_clock.o
    0x00025bdc   0x00025bdc   0x00000034   Code   RO         3189    i.nrf_drv_clock_on_sd_enable  nrf_drv_clock.o
    0x00025c10   0x00025c10   0x0000000e   Code   RO         3190    i.nrf_drv_clock_on_soc_event  nrf_drv_clock.o
    0x00025c1e   0x00025c1e   0x00000002   PAD
    0x00025c20   0x00025c20   0x00000060   Code   RO         3365    i.nrf_drv_common_irq_enable  nrf_drv_common.o
    0x00025c80   0x00025c80   0x0000000a   Code   RO         4007    i.nrf_drv_event_to_bitpos  nrf_drv_twis.o
    0x00025c8a   0x00025c8a   0x0000000a   Code   RO         4008    i.nrf_drv_get_IRQn  nrf_drv_twis.o
    0x00025c94   0x00025c94   0x000000ac   Code   RO         3421    i.nrf_drv_gpiote_in_event_enable  nrf_drv_gpiote.o
    0x00025d40   0x00025d40   0x000000dc   Code   RO         3422    i.nrf_drv_gpiote_in_init  nrf_drv_gpiote.o
    0x00025e1c   0x00025e1c   0x00000014   Code   RO         3423    i.nrf_drv_gpiote_in_is_set  nrf_drv_gpiote.o
    0x00025e30   0x00025e30   0x00000060   Code   RO         3425    i.nrf_drv_gpiote_init  nrf_drv_gpiote.o
    0x00025e90   0x00025e90   0x00000014   Code   RO         3426    i.nrf_drv_gpiote_is_init  nrf_drv_gpiote.o
    0x00025ea4   0x00025ea4   0x00000014   Code   RO         4009    i.nrf_drv_is_in_RAM  nrf_drv_twis.o
    0x00025eb8   0x00025eb8   0x0000001e   Code   RO         4010    i.nrf_drv_twis_check_bit  nrf_drv_twis.o
    0x00025ed6   0x00025ed6   0x00000042   Code   RO         4011    i.nrf_drv_twis_clear_all_events  nrf_drv_twis.o
    0x00025f18   0x00025f18   0x00000016   Code   RO         4012    i.nrf_drv_twis_clear_bit  nrf_drv_twis.o
    0x00025f2e   0x00025f2e   0x0000001c   Code   RO         4013    i.nrf_drv_twis_config_pin  nrf_drv_twis.o
    0x00025f4a   0x00025f4a   0x00000002   PAD
    0x00025f4c   0x00025f4c   0x00000054   Code   RO         4015    i.nrf_drv_twis_enable  nrf_drv_twis.o
    0x00025fa0   0x00025fa0   0x00000042   Code   RO         4017    i.nrf_drv_twis_event_bit_get  nrf_drv_twis.o
    0x00025fe2   0x00025fe2   0x00000002   PAD
    0x00025fe4   0x00025fe4   0x000000cc   Code   RO         4018    i.nrf_drv_twis_init  nrf_drv_twis.o
    0x000260b0   0x000260b0   0x0000003c   Code   RO         4025    i.nrf_drv_twis_process_error  nrf_drv_twis.o
    0x000260ec   0x000260ec   0x00000070   Code   RO         4027    i.nrf_drv_twis_rx_prepare  nrf_drv_twis.o
    0x0002615c   0x0002615c   0x00000334   Code   RO         4028    i.nrf_drv_twis_state_machine  nrf_drv_twis.o
    0x00026490   0x00026490   0x00000044   Code   RO         4029    i.nrf_drv_twis_swreset  nrf_drv_twis.o
    0x000264d4   0x000264d4   0x00000078   Code   RO         4031    i.nrf_drv_twis_tx_prepare  nrf_drv_twis.o
    0x0002654c   0x0002654c   0x00000028   Code   RO          530    i.nrf_gpio_cfg      boards.o
    0x00026574   0x00026574   0x00000028   Code   RO         3440    i.nrf_gpio_cfg      nrf_drv_gpiote.o
    0x0002659c   0x0002659c   0x00000028   Code   RO         4033    i.nrf_gpio_cfg      nrf_drv_twis.o
    0x000265c4   0x000265c4   0x00000032   Code   RO          648    i.nrf_gpio_cfg_sense_set  bsp.o
    0x000265f6   0x000265f6   0x00000032   Code   RO         3442    i.nrf_gpio_cfg_sense_set  nrf_drv_gpiote.o
    0x00026628   0x00026628   0x00000018   Code   RO         3444    i.nrf_gpio_pin_read  nrf_drv_gpiote.o
    0x00026640   0x00026640   0x0000003a   Code   RO           28    i.nrf_gpio_pin_write  main.o
    0x0002667a   0x0002667a   0x0000003a   Code   RO          531    i.nrf_gpio_pin_write  boards.o
    0x000266b4   0x000266b4   0x00000028   Code   RO         3446    i.nrf_gpio_ports_read  nrf_drv_gpiote.o
    0x000266dc   0x000266dc   0x0000000c   Code   RO         3447    i.nrf_gpiote_event_addr_get  nrf_drv_gpiote.o
    0x000266e8   0x000266e8   0x0000001c   Code   RO         3448    i.nrf_gpiote_event_clear  nrf_drv_gpiote.o
    0x00026704   0x00026704   0x00000016   Code   RO         3449    i.nrf_gpiote_event_is_set  nrf_drv_gpiote.o
    0x0002671a   0x0002671a   0x00000002   PAD
    0x0002671c   0x0002671c   0x0000000c   Code   RO         3450    i.nrf_gpiote_int_enable  nrf_drv_gpiote.o
    0x00026728   0x00026728   0x00000008   Code   RO         5449    i.nrf_log_backend_hexdump_handler_get  nrf_log_backend_serial.o
    0x00026730   0x00026730   0x00000030   Code   RO         5450    i.nrf_log_backend_init  nrf_log_backend_serial.o
    0x00026760   0x00026760   0x0000015e   Code   RO         5451    i.nrf_log_backend_serial_hexdump_handler  nrf_log_backend_serial.o
    0x000268be   0x000268be   0x00000182   Code   RO         5452    i.nrf_log_backend_serial_std_handler  nrf_log_backend_serial.o
    0x00026a40   0x00026a40   0x00000008   Code   RO         5453    i.nrf_log_backend_std_handler_get  nrf_log_backend_serial.o
    0x00026a48   0x00026a48   0x0000000a   Code   RO         5554    i.nrf_log_blocking_backend_set  nrf_log_frontend.o
    0x00026a52   0x00026a52   0x00000002   PAD
    0x00026a54   0x00026a54   0x000001bc   Code   RO         5555    i.nrf_log_frontend_dequeue  nrf_log_frontend.o
    0x00026c10   0x00026c10   0x00000024   Code   RO         5557    i.nrf_log_frontend_init  nrf_log_frontend.o
    0x00026c34   0x00026c34   0x00000060   Code   RO         5558    i.nrf_log_frontend_std_0  nrf_log_frontend.o
    0x00026c94   0x00026c94   0x00000074   Code   RO         5559    i.nrf_log_frontend_std_1  nrf_log_frontend.o
    0x00026d08   0x00026d08   0x00000080   Code   RO         5560    i.nrf_log_frontend_std_2  nrf_log_frontend.o
    0x00026d88   0x00026d88   0x00000094   Code   RO         5561    i.nrf_log_frontend_std_3  nrf_log_frontend.o
    0x00026e1c   0x00026e1c   0x00000010   Code   RO         5566    i.nrf_log_handlers_set  nrf_log_frontend.o
    0x00026e2c   0x00026e2c   0x0000002c   Code   RO         5567    i.nrf_log_init      nrf_log_frontend.o
    0x00026e58   0x00026e58   0x0000000a   Code   RO         4035    i.nrf_twis_address_set  nrf_drv_twis.o
    0x00026e62   0x00026e62   0x0000000c   Code   RO         4036    i.nrf_twis_error_source_get_and_clear  nrf_drv_twis.o
    0x00026e6e   0x00026e6e   0x0000001a   Code   RO         4037    i.nrf_twis_event_clear  nrf_drv_twis.o
    0x00026e88   0x00026e88   0x00000006   Code   RO         4038    i.nrf_twis_getRegPtr  nrf_drv_twis.o
    0x00026e8e   0x00026e8e   0x00000006   Code   RO         4039    i.nrf_twis_int_disable  nrf_drv_twis.o
    0x00026e94   0x00026e94   0x0000000c   Code   RO         4040    i.nrf_twis_pins_set  nrf_drv_twis.o
    0x00026ea0   0x00026ea0   0x0000000c   Code   RO         4041    i.nrf_twis_rx_amount_get  nrf_drv_twis.o
    0x00026eac   0x00026eac   0x00000014   Code   RO         4042    i.nrf_twis_task_trigger  nrf_drv_twis.o
    0x00026ec0   0x00026ec0   0x0000000c   Code   RO         4043    i.nrf_twis_tx_amount_get  nrf_drv_twis.o
    0x00026ecc   0x00026ecc   0x0000000c   Code   RO         3723    i.nrf_uart_errorsrc_get_and_clear  nrf_drv_uart.o
    0x00026ed8   0x00026ed8   0x0000000e   Code   RO         3724    i.nrf_uart_event_check  nrf_drv_uart.o
    0x00026ee6   0x00026ee6   0x0000000e   Code   RO         3725    i.nrf_uart_event_clear  nrf_drv_uart.o
    0x00026ef4   0x00026ef4   0x00000006   Code   RO         3727    i.nrf_uart_int_disable  nrf_drv_uart.o
    0x00026efa   0x00026efa   0x00000012   Code   RO         3729    i.nrf_uart_int_enable_check  nrf_drv_uart.o
    0x00026f0c   0x00026f0c   0x00000006   Code   RO         3730    i.nrf_uart_task_trigger  nrf_drv_uart.o
    0x00026f12   0x00026f12   0x0000000c   Code   RO         3732    i.nrf_uarte_errorsrc_get_and_clear  nrf_drv_uart.o
    0x00026f1e   0x00026f1e   0x0000000e   Code   RO         3733    i.nrf_uarte_event_check  nrf_drv_uart.o
    0x00026f2c   0x00026f2c   0x0000000e   Code   RO         3734    i.nrf_uarte_event_clear  nrf_drv_uart.o
    0x00026f3a   0x00026f3a   0x0000000a   Code   RO         3738    i.nrf_uarte_rx_amount_get  nrf_drv_uart.o
    0x00026f44   0x00026f44   0x000001a8   Code   RO           29    i.on_adv_evt        main.o
    0x000270ec   0x000270ec   0x00000188   Code   RO           30    i.on_ble_evt        main.o
    0x00027274   0x00027274   0x00000190   Code   RO         1338    i.on_characteristic_discovery_rsp  ble_db_discovery.o
    0x00027404   0x00027404   0x0000002c   Code   RO           31    i.on_conn_params_evt  main.o
    0x00027430   0x00027430   0x00000018   Code   RO         1087    i.on_conn_params_update  ble_conn_params.o
    0x00027448   0x00027448   0x00000038   Code   RO         1088    i.on_connect        ble_conn_params.o
    0x00027480   0x00027480   0x00000014   Code   RO          966    i.on_connected      ble_advertising.o
    0x00027494   0x00027494   0x00000194   Code   RO           32    i.on_cts_c_evt      main.o
    0x00027628   0x00027628   0x00000140   Code   RO         1339    i.on_descriptor_discovery_rsp  ble_db_discovery.o
    0x00027768   0x00027768   0x00000040   Code   RO         1089    i.on_disconnect     ble_conn_params.o
    0x000277a8   0x000277a8   0x0000003a   Code   RO         3087    i.on_disconnect     ble_cts_c.o
    0x000277e2   0x000277e2   0x00000002   PAD
    0x000277e4   0x000277e4   0x0000003c   Code   RO          967    i.on_disconnected   ble_advertising.o
    0x00027820   0x00027820   0x00000012   Code   RO         1340    i.on_disconnected   ble_db_discovery.o
    0x00027832   0x00027832   0x00000002   PAD
    0x00027834   0x00027834   0x0000002c   Code   RO         5212    i.on_operation_failure  fstorage.o
    0x00027860   0x00027860   0x00000078   Code   RO         5213    i.on_operation_success  fstorage.o
    0x000278d8   0x000278d8   0x000000f0   Code   RO         1341    i.on_primary_srv_discovery_rsp  ble_db_discovery.o
    0x000279c8   0x000279c8   0x000000ac   Code   RO         1342    i.on_srv_disc_completion  ble_db_discovery.o
    0x00027a74   0x00027a74   0x00000038   Code   RO          968    i.on_timeout        ble_advertising.o
    0x00027aac   0x00027aac   0x0000004c   Code   RO         1090    i.on_write          ble_conn_params.o
    0x00027af8   0x00027af8   0x000000a4   Code   RO         4824    i.op_enqueue        fds.o
    0x00027b9c   0x00027b9c   0x00000040   Code   RO         4825    i.page_from_record  fds.o
    0x00027bdc   0x00027bdc   0x0000002c   Code   RO         4826    i.page_has_space    fds.o
    0x00027c08   0x00027c08   0x0000002c   Code   RO         4827    i.page_identify     fds.o
    0x00027c34   0x00027c34   0x0000001e   Code   RO         4828    i.page_is_erased    fds.o
    0x00027c52   0x00027c52   0x00000012   Code   RO         4829    i.page_offsets_update  fds.o
    0x00027c64   0x00027c64   0x00000068   Code   RO         4830    i.page_scan         fds.o
    0x00027ccc   0x00027ccc   0x00000020   Code   RO         4831    i.page_tag_write_data  fds.o
    0x00027cec   0x00027cec   0x00000024   Code   RO         4832    i.page_tag_write_swap  fds.o
    0x00027d10   0x00027d10   0x00000130   Code   RO         4833    i.pages_init        fds.o
    0x00027e40   0x00027e40   0x00000084   Code   RO         2804    i.pairing_failure   security_dispatcher.o
    0x00027ec4   0x00027ec4   0x00000048   Code   RO         2947    i.params_reply_pending_process  security_manager.o
    0x00027f0c   0x00027f0c   0x00000020   Code   RO         2147    i.pdb_evt_send      peer_database.o
    0x00027f2c   0x00027f2c   0x00000044   Code   RO         2148    i.pdb_init          peer_database.o
    0x00027f70   0x00027f70   0x0000000c   Code   RO         2150    i.pdb_next_deleted_peer_id_get  peer_database.o
    0x00027f7c   0x00027f7c   0x0000000c   Code   RO         2151    i.pdb_next_peer_id_get  peer_database.o
    0x00027f88   0x00027f88   0x000001bc   Code   RO         2152    i.pdb_pds_evt_handler  peer_database.o
    0x00028144   0x00028144   0x00000008   Code   RO         2153    i.pdb_peer_allocate  peer_database.o
    0x0002814c   0x0002814c   0x0000001c   Code   RO         2154    i.pdb_peer_data_load  peer_database.o
    0x00028168   0x00028168   0x00000016   Code   RO         2155    i.pdb_peer_data_ptr_get  peer_database.o
    0x0002817e   0x0002817e   0x00000058   Code   RO         2156    i.pdb_peer_free     peer_database.o
    0x000281d6   0x000281d6   0x00000016   Code   RO         2157    i.pdb_raw_store     peer_database.o
    0x000281ec   0x000281ec   0x00000134   Code   RO         2158    i.pdb_write_buf_get  peer_database.o
    0x00028320   0x00028320   0x00000036   Code   RO         2159    i.pdb_write_buf_release  peer_database.o
    0x00028356   0x00028356   0x00000002   PAD
    0x00028358   0x00028358   0x00000104   Code   RO         2160    i.pdb_write_buf_store  peer_database.o
    0x0002845c   0x0002845c   0x00000078   Code   RO         2161    i.pdb_write_buf_store_prepare  peer_database.o
    0x000284d4   0x000284d4   0x00000020   Code   RO         1980    i.pds_evt_send      peer_data_storage.o
    0x000284f4   0x000284f4   0x00000038   Code   RO         1981    i.pds_init          peer_data_storage.o
    0x0002852c   0x0002852c   0x0000000c   Code   RO         1982    i.pds_next_deleted_peer_id_get  peer_data_storage.o
    0x00028538   0x00028538   0x0000000c   Code   RO         1983    i.pds_next_peer_id_get  peer_data_storage.o
    0x00028544   0x00028544   0x0000005c   Code   RO         1986    i.pds_peer_data_iterate  peer_data_storage.o
    0x000285a0   0x000285a0   0x00000010   Code   RO         1987    i.pds_peer_data_iterate_prepare  peer_data_storage.o
    0x000285b0   0x000285b0   0x00000088   Code   RO         1988    i.pds_peer_data_read  peer_data_storage.o
    0x00028638   0x00028638   0x000000be   Code   RO         1989    i.pds_peer_data_store  peer_data_storage.o
    0x000286f6   0x000286f6   0x0000000c   Code   RO         1990    i.pds_peer_id_allocate  peer_data_storage.o
    0x00028702   0x00028702   0x0000001e   Code   RO         1991    i.pds_peer_id_free  peer_data_storage.o
    0x00028720   0x00028720   0x0000000c   Code   RO         1992    i.pds_peer_id_is_allocated  peer_data_storage.o
    0x0002872c   0x0002872c   0x0000003c   Code   RO         1993    i.pds_space_reserve  peer_data_storage.o
    0x00028768   0x00028768   0x00000014   Code   RO         1994    i.pds_space_reserve_cancel  peer_data_storage.o
    0x0002877c   0x0002877c   0x0000001c   Code   RO         2162    i.peer_data_const_point_to_buffer  peer_database.o
    0x00028798   0x00028798   0x000000a4   Code   RO         1995    i.peer_data_delete  peer_data_storage.o
    0x0002883c   0x0002883c   0x00000040   Code   RO         1996    i.peer_data_find    peer_data_storage.o
    0x0002887c   0x0002887c   0x00000022   Code   RO         1997    i.peer_data_id_is_valid  peer_data_storage.o
    0x0002889e   0x0002889e   0x0000000a   Code   RO         1998    i.peer_data_id_to_record_key  peer_data_storage.o
    0x000288a8   0x000288a8   0x0000001a   Code   RO         2163    i.peer_data_point_to_buffer  peer_database.o
    0x000288c2   0x000288c2   0x00000002   PAD
    0x000288c4   0x000288c4   0x00000014   Code   RO         2327    i.peer_id_allocate  peer_id.o
    0x000288d8   0x000288d8   0x0000002c   Code   RO         2328    i.peer_id_delete    peer_id.o
    0x00028904   0x00028904   0x0000001c   Code   RO         2329    i.peer_id_free      peer_id.o
    0x00028920   0x00028920   0x00000014   Code   RO         2330    i.peer_id_get_next_deleted  peer_id.o
    0x00028934   0x00028934   0x00000038   Code   RO         2331    i.peer_id_get_next_used  peer_id.o
    0x0002896c   0x0002896c   0x00000024   Code   RO         2332    i.peer_id_init      peer_id.o
    0x00028990   0x00028990   0x0000001c   Code   RO         2333    i.peer_id_is_allocated  peer_id.o
    0x000289ac   0x000289ac   0x0000001c   Code   RO         2334    i.peer_id_is_deleted  peer_id.o
    0x000289c8   0x000289c8   0x00000024   Code   RO         1771    i.peer_id_set       id_manager.o
    0x000289ec   0x000289ec   0x0000000a   Code   RO         1999    i.peer_id_to_file_id  peer_data_storage.o
    0x000289f6   0x000289f6   0x00000046   Code   RO         2000    i.peer_ids_load     peer_data_storage.o
    0x00028a3c   0x00028a3c   0x0000004c   Code   RO           33    i.peer_list_get     main.o
    0x00028a88   0x00028a88   0x00000108   Code   RO           34    i.peer_manager_init  main.o
    0x00028b90   0x00028b90   0x000000d2   Code   RO         1772    i.peers_id_keys_get  id_manager.o
    0x00028c62   0x00028c62   0x00000002   PAD
    0x00028c64   0x00028c64   0x00000044   Code   RO         1343    i.pending_user_evts_send  ble_db_discovery.o
    0x00028ca8   0x00028ca8   0x0000001c   Code   RO         3453    i.pin_in_use_by_gpiote  nrf_drv_gpiote.o
    0x00028cc4   0x00028cc4   0x00000018   Code   RO         3454    i.pin_in_use_by_port  nrf_drv_gpiote.o
    0x00028cdc   0x00028cdc   0x00000020   Code   RO         3455    i.pin_in_use_by_te  nrf_drv_gpiote.o
    0x00028cfc   0x00028cfc   0x0000000c   Code   RO         3456    i.pin_in_use_clear  nrf_drv_gpiote.o
    0x00028d08   0x00028d08   0x00000062   Code   RO         2696    i.pm_buffer_block_acquire  pm_buffer.o
    0x00028d6a   0x00028d6a   0x0000004e   Code   RO         2697    i.pm_buffer_init    pm_buffer.o
    0x00028db8   0x00028db8   0x00000030   Code   RO         2698    i.pm_buffer_ptr_get  pm_buffer.o
    0x00028de8   0x00028de8   0x00000028   Code   RO         2699    i.pm_buffer_release  pm_buffer.o
    0x00028e10   0x00028e10   0x00000010   Code   RO         2422    i.pm_conn_sec_config_reply  peer_manager.o
    0x00028e20   0x00028e20   0x0000007c   Code   RO         2423    i.pm_conn_sec_status_get  peer_manager.o
    0x00028e9c   0x00028e9c   0x00000028   Code   RO         2424    i.pm_conn_secure    peer_manager.o
    0x00028ec4   0x00028ec4   0x00000024   Code   RO         2425    i.pm_device_identities_list_set  peer_manager.o
    0x00028ee8   0x00028ee8   0x0000019c   Code   RO           35    i.pm_evt_handler    main.o
    0x00029084   0x00029084   0x000000be   Code   RO         2426    i.pm_gcm_evt_handler  peer_manager.o
    0x00029142   0x00029142   0x00000002   PAD
    0x00029144   0x00029144   0x00000058   Code   RO         2429    i.pm_im_evt_handler  peer_manager.o
    0x0002919c   0x0002919c   0x000000a4   Code   RO         2430    i.pm_init           peer_manager.o
    0x00029240   0x00029240   0x0000001c   Code   RO         2432    i.pm_local_database_has_changed  peer_manager.o
    0x0002925c   0x0002925c   0x00000014   Code   RO         2739    i.pm_mutex_init     pm_mutex.o
    0x00029270   0x00029270   0x00000020   Code   RO         2740    i.pm_mutex_lock     pm_mutex.o
    0x00029290   0x00029290   0x00000030   Code   RO         2741    i.pm_mutex_lock_first_available  pm_mutex.o
    0x000292c0   0x000292c0   0x00000024   Code   RO         2742    i.pm_mutex_lock_status_get  pm_mutex.o
    0x000292e4   0x000292e4   0x00000038   Code   RO         2743    i.pm_mutex_unlock   pm_mutex.o
    0x0002931c   0x0002931c   0x0000001c   Code   RO         2433    i.pm_next_peer_id_get  peer_manager.o
    0x00029338   0x00029338   0x0000002c   Code   RO         2434    i.pm_on_ble_evt     peer_manager.o
    0x00029364   0x00029364   0x000001c8   Code   RO         2435    i.pm_pdb_evt_handler  peer_manager.o
    0x0002952c   0x0002952c   0x00000020   Code   RO         2446    i.pm_peer_delete    peer_manager.o
    0x0002954c   0x0002954c   0x000000cc   Code   RO         2449    i.pm_peer_rank_highest  peer_manager.o
    0x00029618   0x00029618   0x000000d8   Code   RO         2450    i.pm_peer_ranks_get  peer_manager.o
    0x000296f0   0x000296f0   0x00000050   Code   RO         2451    i.pm_peers_delete   peer_manager.o
    0x00029740   0x00029740   0x00000040   Code   RO         2454    i.pm_register       peer_manager.o
    0x00029780   0x00029780   0x00000024   Code   RO         2456    i.pm_sec_params_set  peer_manager.o
    0x000297a4   0x000297a4   0x000001b0   Code   RO         2457    i.pm_sm_evt_handler  peer_manager.o
    0x00029954   0x00029954   0x00000040   Code   RO         2458    i.pm_whitelist_get  peer_manager.o
    0x00029994   0x00029994   0x00000024   Code   RO         2459    i.pm_whitelist_set  peer_manager.o
    0x000299b8   0x000299b8   0x00000048   Code   RO         4834    i.queue_advance     fds.o
    0x00029a00   0x00029a00   0x00000034   Code   RO         5214    i.queue_advance     fstorage.o
    0x00029a34   0x00029a34   0x00000068   Code   RO         5215    i.queue_get_next_free  fstorage.o
    0x00029a9c   0x00029a9c   0x000000a4   Code   RO         4835    i.queue_process     fds.o
    0x00029b40   0x00029b40   0x0000006c   Code   RO         5216    i.queue_process     fstorage.o
    0x00029bac   0x00029bac   0x00000018   Code   RO         4836    i.queue_start       fds.o
    0x00029bc4   0x00029bc4   0x0000002c   Code   RO         5217    i.queue_start       fstorage.o
    0x00029bf0   0x00029bf0   0x00000014   Code   RO         5843    i.ram_end_address_get  softdevice_handler.o
    0x00029c04   0x00029c04   0x0000002c   Code   RO         2460    i.rank_init         peer_manager.o
    0x00029c30   0x00029c30   0x0000004c   Code   RO         1187    i.record_activate   ble_conn_state.o
    0x00029c7c   0x00029c7c   0x00000088   Code   RO         4837    i.record_find       fds.o
    0x00029d04   0x00029d04   0x0000003a   Code   RO         4838    i.record_find_and_delete  fds.o
    0x00029d3e   0x00029d3e   0x00000002   PAD
    0x00029d40   0x00029d40   0x0000007c   Code   RO         4839    i.record_find_by_desc  fds.o
    0x00029dbc   0x00029dbc   0x00000060   Code   RO         4840    i.record_find_next  fds.o
    0x00029e1c   0x00029e1c   0x00000038   Code   RO         4841    i.record_header_flag_dirty  fds.o
    0x00029e54   0x00029e54   0x0000002c   Code   RO         4842    i.record_header_write_begin  fds.o
    0x00029e80   0x00029e80   0x00000038   Code   RO         4843    i.record_header_write_finalize  fds.o
    0x00029eb8   0x00029eb8   0x00000038   Code   RO         4844    i.record_header_write_id  fds.o
    0x00029ef0   0x00029ef0   0x00000014   Code   RO         4845    i.record_id_new     fds.o
    0x00029f04   0x00029f04   0x0000001c   Code   RO         1188    i.record_invalidate  ble_conn_state.o
    0x00029f20   0x00029f20   0x00000006   Code   RO         2001    i.record_key_to_peer_data_id  peer_data_storage.o
    0x00029f26   0x00029f26   0x00000018   Code   RO         2002    i.record_key_within_pm_range  peer_data_storage.o
    0x00029f3e   0x00029f3e   0x00000002   PAD
    0x00029f40   0x00029f40   0x00000044   Code   RO         1189    i.record_purge_disconnected  ble_conn_state.o
    0x00029f84   0x00029f84   0x00000018   Code   RO         1190    i.record_set_disconnected  ble_conn_state.o
    0x00029f9c   0x00029f9c   0x00000050   Code   RO         4846    i.record_write_chunk  fds.o
    0x00029fec   0x00029fec   0x00000040   Code   RO         1344    i.registered_handler_get  ble_db_discovery.o
    0x0002a02c   0x0002a02c   0x00000044   Code   RO         1345    i.registered_handler_set  ble_db_discovery.o
    0x0002a070   0x0002a070   0x00000014   Code   RO         2336    i.release           peer_id.o
    0x0002a084   0x0002a084   0x0000000c   Code   RO         4460    i.rtc1_compare0_set  app_timer.o
    0x0002a090   0x0002a090   0x0000000c   Code   RO         4461    i.rtc1_counter_get  app_timer.o
    0x0002a09c   0x0002a09c   0x00000018   Code   RO         4462    i.rtc1_init         app_timer.o
    0x0002a0b4   0x0002a0b4   0x0000003c   Code   RO         4463    i.rtc1_start        app_timer.o
    0x0002a0f0   0x0002a0f0   0x00000058   Code   RO         4464    i.rtc1_stop         app_timer.o
    0x0002a148   0x0002a148   0x0000003e   Code   RO         3742    i.rx_byte           nrf_drv_uart.o
    0x0002a186   0x0002a186   0x0000001e   Code   RO         3743    i.rx_done_event     nrf_drv_uart.o
    0x0002a1a4   0x0002a1a4   0x0000002c   Code   RO           37    i.scheduler_init    main.o
    0x0002a1d0   0x0002a1d0   0x0000008c   Code   RO         5845    i.sd_nvic_EnableIRQ  softdevice_handler.o
    0x0002a25c   0x0002a25c   0x00000068   Code   RO         4691    i.sd_nvic_critical_region_enter  app_util_platform.o
    0x0002a2c4   0x0002a2c4   0x0000000c   Code   RO         1531    i.sdk_mapped_flags_any_set  gatt_cache_manager.o
    0x0002a2d0   0x0002a2d0   0x0000000c   Code   RO         2948    i.sdk_mapped_flags_any_set  security_manager.o
    0x0002a2dc   0x0002a2dc   0x00000076   Code   RO         5387    i.sdk_mapped_flags_bulk_update_by_key  sdk_mapped_flags.o
    0x0002a352   0x0002a352   0x00000024   Code   RO         5388    i.sdk_mapped_flags_first_key_index_get  sdk_mapped_flags.o
    0x0002a376   0x0002a376   0x00000012   Code   RO         5389    i.sdk_mapped_flags_get_by_index  sdk_mapped_flags.o
    0x0002a388   0x0002a388   0x0000002e   Code   RO         5390    i.sdk_mapped_flags_get_by_key  sdk_mapped_flags.o
    0x0002a3b6   0x0002a3b6   0x00000042   Code   RO         5391    i.sdk_mapped_flags_key_list_get  sdk_mapped_flags.o
    0x0002a3f8   0x0002a3f8   0x0000001a   Code   RO         5393    i.sdk_mapped_flags_update_by_key  sdk_mapped_flags.o
    0x0002a412   0x0002a412   0x000000d8   Code   RO         2805    i.sec_info_request_process  security_dispatcher.o
    0x0002a4ea   0x0002a4ea   0x0000001a   Code   RO         2806    i.sec_params_request_process  security_dispatcher.o
    0x0002a504   0x0002a504   0x000000e8   Code   RO         2949    i.sec_params_verify  security_manager.o
    0x0002a5ec   0x0002a5ec   0x0000005c   Code   RO         2807    i.sec_proc_start    security_dispatcher.o
    0x0002a648   0x0002a648   0x0000005c   Code   RO           38    i.sec_req_timeout_handler  main.o
    0x0002a6a4   0x0002a6a4   0x00000034   Code   RO         2808    i.sec_request_process  security_dispatcher.o
    0x0002a6d8   0x0002a6d8   0x00000024   Code   RO         2809    i.sec_start_send    security_dispatcher.o
    0x0002a6fc   0x0002a6fc   0x0000001e   Code   RO         2950    i.send_config_req   security_manager.o
    0x0002a71a   0x0002a71a   0x0000005c   Code   RO         5218    i.send_event        fstorage.o
    0x0002a776   0x0002a776   0x00000004   Code   RO         5455    i.serial_is_busy    nrf_log_backend_serial.o
    0x0002a77a   0x0002a77a   0x00000044   Code   RO         5456    i.serial_tx         nrf_log_backend_serial.o
    0x0002a7be   0x0002a7be   0x00000002   PAD
    0x0002a7c0   0x0002a7c0   0x0000006c   Code   RO         1532    i.service_changed_pending_flags_check  gatt_cache_manager.o
    0x0002a82c   0x0002a82c   0x00000050   Code   RO         1664    i.service_changed_pending_set  gatts_cache_manager.o
    0x0002a87c   0x0002a87c   0x000000b8   Code   RO         1533    i.service_changed_send_in_evt  gatt_cache_manager.o
    0x0002a934   0x0002a934   0x00000096   Code   RO          855    i.service_data_encode  ble_advdata.o
    0x0002a9ca   0x0002a9ca   0x00000002   PAD
    0x0002a9cc   0x0002a9cc   0x00000128   Code   RO           39    i.services_init     main.o
    0x0002aaf4   0x0002aaf4   0x00000020   Code   RO          969    i.set_adv_mode_directed  ble_advertising.o
    0x0002ab14   0x0002ab14   0x0000002c   Code   RO          970    i.set_adv_mode_directed_slow  ble_advertising.o
    0x0002ab40   0x0002ab40   0x00000060   Code   RO          971    i.set_adv_mode_fast  ble_advertising.o
    0x0002aba0   0x0002aba0   0x00000060   Code   RO          972    i.set_adv_mode_slow  ble_advertising.o
    0x0002ac00   0x0002ac00   0x0000004c   Code   RO           40    i.sleep_mode_enter  main.o
    0x0002ac4c   0x0002ac4c   0x00000018   Code   RO         2951    i.sm_ble_evt_handler  security_manager.o
    0x0002ac64   0x0002ac64   0x00000024   Code   RO         2952    i.sm_conn_sec_config_reply  security_manager.o
    0x0002ac88   0x0002ac88   0x00000064   Code   RO         2953    i.sm_init           security_manager.o
    0x0002acec   0x0002acec   0x00000018   Code   RO         2955    i.sm_link_secure    security_manager.o
    0x0002ad04   0x0002ad04   0x00000060   Code   RO         2956    i.sm_pdb_evt_handler  security_manager.o
    0x0002ad64   0x0002ad64   0x00000038   Code   RO         2958    i.sm_sec_params_set  security_manager.o
    0x0002ad9c   0x0002ad9c   0x000000a4   Code   RO         2959    i.sm_smd_evt_handler  security_manager.o
    0x0002ae40   0x0002ae40   0x00000058   Code   RO         2810    i.smd_ble_evt_handler  security_dispatcher.o
    0x0002ae98   0x0002ae98   0x0000004c   Code   RO         2811    i.smd_init          security_dispatcher.o
    0x0002aee4   0x0002aee4   0x00000038   Code   RO         2812    i.smd_link_secure   security_dispatcher.o
    0x0002af1c   0x0002af1c   0x00000120   Code   RO         2813    i.smd_params_reply  security_dispatcher.o
    0x0002b03c   0x0002b03c   0x00000090   Code   RO         2960    i.smd_params_reply_perform  security_manager.o
    0x0002b0cc   0x0002b0cc   0x00000034   Code   RO         2814    i.smd_pdb_evt_handler  security_dispatcher.o
    0x0002b100   0x0002b100   0x00000018   Code   RO         5846    i.softdevice_ble_evt_handler_set  softdevice_handler.o
    0x0002b118   0x0002b118   0x000000b0   Code   RO         5847    i.softdevice_enable  softdevice_handler.o
    0x0002b1c8   0x0002b1c8   0x0000002c   Code   RO         5848    i.softdevice_enable_get_default_config  softdevice_handler.o
    0x0002b1f4   0x0002b1f4   0x00000014   Code   RO         5849    i.softdevice_fault_handler  softdevice_handler.o
    0x0002b208   0x0002b208   0x0000009c   Code   RO         5850    i.softdevice_handler_init  softdevice_handler.o
    0x0002b2a4   0x0002b2a4   0x0000000c   Code   RO         5851    i.softdevice_handler_is_enabled  softdevice_handler.o
    0x0002b2b0   0x0002b2b0   0x00000018   Code   RO         5856    i.softdevice_sys_evt_handler_set  softdevice_handler.o
    0x0002b2c8   0x0002b2c8   0x0000000e   Code   RO          856    i.srdata_check      ble_advdata.o
    0x0002b2d6   0x0002b2d6   0x00000032   Code   RO         5219    i.store_execute     fstorage.o
    0x0002b308   0x0002b308   0x00000012   Code   RO           41    i.sys_evt_dispatch  main.o
    0x0002b31a   0x0002b31a   0x0000000c   Code   RO           42    i.system_init       main.o
    0x0002b326   0x0002b326   0x0000000a   Code   RO         4465    i.ticks_diff_get    app_timer.o
    0x0002b330   0x0002b330   0x00000038   Code   RO         4466    i.timeout_handler_exec  app_timer.o
    0x0002b368   0x0002b368   0x00000054   Code   RO         4467    i.timer_list_handler  app_timer.o
    0x0002b3bc   0x0002b3bc   0x0000000a   Code   RO         4468    i.timer_list_handler_sched  app_timer.o
    0x0002b3c6   0x0002b3c6   0x00000002   PAD
    0x0002b3c8   0x0002b3c8   0x00000068   Code   RO         4469    i.timer_list_insert  app_timer.o
    0x0002b430   0x0002b430   0x0000006c   Code   RO         4470    i.timer_list_remove  app_timer.o
    0x0002b49c   0x0002b49c   0x0000005e   Code   RO         4471    i.timer_start_op_schedule  app_timer.o
    0x0002b4fa   0x0002b4fa   0x00000042   Code   RO         4472    i.timer_stop_op_schedule  app_timer.o
    0x0002b53c   0x0002b53c   0x00000098   Code   RO         4473    i.timer_timeouts_check  app_timer.o
    0x0002b5d4   0x0002b5d4   0x0000000a   Code   RO         4474    i.timer_timeouts_check_sched  app_timer.o
    0x0002b5de   0x0002b5de   0x00000002   PAD
    0x0002b5e0   0x0002b5e0   0x00000058   Code   RO           43    i.timers_init       main.o
    0x0002b638   0x0002b638   0x00000040   Code   RO         5457    i.timestamp_process  nrf_log_backend_serial.o
    0x0002b678   0x0002b678   0x000003ac   Code   RO           44    i.twis_event_handler  main.o
    0x0002ba24   0x0002ba24   0x000000d8   Code   RO           45    i.twis_init         main.o
    0x0002bafc   0x0002bafc   0x00000026   Code   RO         3745    i.tx_byte           nrf_drv_uart.o
    0x0002bb22   0x0002bb22   0x00000022   Code   RO         3746    i.tx_done_event     nrf_drv_uart.o
    0x0002bb44   0x0002bb44   0x00000036   Code   RO          857    i.tx_power_level_encode  ble_advdata.o
    0x0002bb7a   0x0002bb7a   0x00000142   Code   RO         3747    i.uart_irq_handler  nrf_drv_uart.o
    0x0002bcbc   0x0002bcbc   0x0000010c   Code   RO         3748    i.uarte_irq_handler  nrf_drv_uart.o
    0x0002bdc8   0x0002bdc8   0x0000000c   Code   RO         1456    i.uint16_decode     ble_srv_common.o
    0x0002bdd4   0x0002bdd4   0x0000000c   Code   RO          858    i.uint16_encode     ble_advdata.o
    0x0002bde0   0x0002bde0   0x00000058   Code   RO         1534    i.update_pending_flags_check  gatt_cache_manager.o
    0x0002be38   0x0002be38   0x00000090   Code   RO         1091    i.update_timeout_handler  ble_conn_params.o
    0x0002bec8   0x0002bec8   0x00000014   Code   RO         1191    i.user_flag_acquire  ble_conn_state.o
    0x0002bedc   0x0002bedc   0x0000001c   Code   RO         1192    i.user_flag_is_acquired  ble_conn_state.o
    0x0002bef8   0x0002bef8   0x0000003c   Code   RO         4475    i.user_op_alloc     app_timer.o
    0x0002bf34   0x0002bf34   0x0000000c   Code   RO         4476    i.user_op_enque     app_timer.o
    0x0002bf40   0x0002bf40   0x0000004e   Code   RO          859    i.uuid_list_encode  ble_advdata.o
    0x0002bf8e   0x0002bf8e   0x000000dc   Code   RO          860    i.uuid_list_sized_encode  ble_advdata.o
    0x0002c06a   0x0002c06a   0x00000002   PAD
    0x0002c06c   0x0002c06c   0x0000000c   Code   RO          973    i.whitelist_has_entries  ble_advertising.o
    0x0002c078   0x0002c078   0x00000038   Code   RO         2164    i.write_buf_length_words_set  peer_database.o
    0x0002c0b0   0x0002c0b0   0x00000032   Code   RO         2165    i.write_buffer_record_find  peer_database.o
    0x0002c0e2   0x0002c0e2   0x00000002   PAD
    0x0002c0e4   0x0002c0e4   0x00000030   Code   RO         2166    i.write_buffer_record_find_next  peer_database.o
    0x0002c114   0x0002c114   0x0000000e   Code   RO         2167    i.write_buffer_record_find_unused  peer_database.o
    0x0002c122   0x0002c122   0x00000024   Code   RO         2168    i.write_buffer_record_get  peer_database.o
    0x0002c146   0x0002c146   0x0000002e   Code   RO         2169    i.write_buffer_record_invalidate  peer_database.o
    0x0002c174   0x0002c174   0x00000028   Code   RO         2170    i.write_buffer_record_release  peer_database.o
    0x0002c19c   0x0002c19c   0x00000104   Code   RO         4847    i.write_enqueue     fds.o
    0x0002c2a0   0x0002c2a0   0x000000c0   Code   RO         4848    i.write_execute     fds.o
    0x0002c360   0x0002c360   0x0000001c   Code   RO         4849    i.write_space_free  fds.o
    0x0002c37c   0x0002c37c   0x0000006c   Code   RO         4850    i.write_space_reserve  fds.o
    0x0002c3e8   0x0002c3e8   0x00000024   Data   RO           47    .constdata          main.o
    0x0002c40c   0x0002c40c   0x00000008   Data   RO          532    .constdata          boards.o
    0x0002c414   0x0002c414   0x0000002c   Data   RO          650    .constdata          bsp.o
    0x0002c440   0x0002c440   0x00000004   Data   RO         1093    .constdata          ble_conn_params.o
    0x0002c444   0x0002c444   0x00000018   Data   RO         1665    .constdata          gatts_cache_manager.o
    0x0002c45c   0x0002c45c   0x00000008   Data   RO         1774    .constdata          id_manager.o
    0x0002c464   0x0002c464   0x00000004   Data   RO         2003    .constdata          peer_data_storage.o
    0x0002c468   0x0002c468   0x00000014   Data   RO         2172    .constdata          peer_database.o
    0x0002c47c   0x0002c47c   0x00000010   Data   RO         2462    .constdata          peer_manager.o
    0x0002c48c   0x0002c48c   0x00000044   Data   RO         2816    .constdata          security_dispatcher.o
    0x0002c4d0   0x0002c4d0   0x00000004   Data   RO         2961    .constdata          security_manager.o
    0x0002c4d4   0x0002c4d4   0x00000047   Data   RO         3458    .constdata          nrf_drv_gpiote.o
    0x0002c51b   0x0002c51b   0x00000001   PAD
    0x0002c51c   0x0002c51c   0x00000046   Data   RO         4045    .constdata          nrf_drv_twis.o
    0x0002c562   0x0002c562   0x00000002   PAD
    0x0002c564   0x0002c564   0x00000008   Data   RO         4262    .constdata          app_button.o
    0x0002c56c   0x0002c56c   0x00000014   Data   RO         4852    .constdata          fds.o
    0x0002c580   0x0002c580   0x00000024   Data   RO         5570    .constdata          nrf_log_frontend.o
    0x0002c5a4   0x0002c5a4   0x00000081   Data   RO         7741    .constdata          mc_w.l(ctype_o.o)
    0x0002c625   0x0002c625   0x00000003   PAD
    0x0002c628   0x0002c628   0x00000004   Data   RO         7742    .constdata          mc_w.l(ctype_o.o)
    0x0002c62c   0x0002c62c   0x000000fd   Data   RO           48    .conststring        main.o
    0x0002c729   0x0002c729   0x00000003   PAD
    0x0002c72c   0x0002c72c   0x000000c1   Data   RO         1347    .conststring        ble_db_discovery.o
    0x0002c7ed   0x0002c7ed   0x00000003   PAD
    0x0002c7f0   0x0002c7f0   0x0000000b   Data   RO         5571    .conststring        nrf_log_frontend.o
    0x0002c7fb   0x0002c7fb   0x00000001   PAD
    0x0002c7fc   0x0002c7fc   0x00000042   Data   RO         5857    .conststring        softdevice_handler.o
    0x0002c83e   0x0002c83e   0x00000002   PAD
    0x0002c840   0x0002c840   0x00000020   Data   RO         8085    Region$$Table       anon$$obj.o


    Execution Region RW_IRAM1 (Exec base: 0x20002128, Load base: 0x0002c860, Size: 0x00002950, Max: 0x0000ded8, ABSOLUTE, COMPRESSED[0x000000a4])

    Exec Addr    Load Addr    Size         Type   Attr      Idx    E Section Name        Object

    0x20002128   COMPRESSED   0x000000d1   Data   RW           49    .data               main.o
    0x200021f9   COMPRESSED   0x00000003   PAD
    0x200021fc   COMPRESSED   0x00000015   Data   RW          651    .data               bsp.o
    0x20002211   COMPRESSED   0x00000003   PAD
    0x20002214   COMPRESSED   0x00000008   Data   RW          753    .data               bsp_btn_ble.o
    0x2000221c   COMPRESSED   0x0000001f   Data   RW          975    .data               ble_advertising.o
    0x2000223b   COMPRESSED   0x00000001   PAD
    0x2000223c   COMPRESSED   0x00000015   Data   RW         1094    .data               ble_conn_params.o
    0x20002251   COMPRESSED   0x00000003   PAD
    0x20002254   COMPRESSED   0x0000000d   Data   RW         1348    .data               ble_db_discovery.o
    0x20002261   COMPRESSED   0x00000003   PAD
    0x20002264   COMPRESSED   0x00000009   Data   RW         1535    .data               gatt_cache_manager.o
    0x2000226d   COMPRESSED   0x00000003   PAD
    0x20002270   COMPRESSED   0x0000000a   Data   RW         1666    .data               gatts_cache_manager.o
    0x2000227a   COMPRESSED   0x00000003   Data   RW         1775    .data               id_manager.o
    0x2000227d   COMPRESSED   0x00000003   PAD
    0x20002280   COMPRESSED   0x0000000c   Data   RW         2004    .data               peer_data_storage.o
    0x2000228c   COMPRESSED   0x00000009   Data   RW         2173    .data               peer_database.o
    0x20002295   COMPRESSED   0x00000003   PAD
    0x20002298   COMPRESSED   0x00000011   Data   RW         2463    .data               peer_manager.o
    0x200022a9   COMPRESSED   0x00000004   Data   RW         2817    .data               security_dispatcher.o
    0x200022ad   COMPRESSED   0x00000003   PAD
    0x200022b0   COMPRESSED   0x00000013   Data   RW         2962    .data               security_manager.o
    0x200022c3   COMPRESSED   0x00000001   PAD
    0x200022c4   COMPRESSED   0x00000004   Data   RW         3088    .data               ble_cts_c.o
    0x200022c8   COMPRESSED   0x00000001   Data   RW         4046    .data               nrf_drv_twis.o
    0x200022c9   COMPRESSED   0x00000003   PAD
    0x200022cc   COMPRESSED   0x00000014   Data   RW         4263    .data               app_button.o
    0x200022e0   COMPRESSED   0x0000000e   Data   RW         4393    .data               app_scheduler.o
    0x200022ee   COMPRESSED   0x00000002   PAD
    0x200022f0   COMPRESSED   0x00000022   Data   RW         4477    .data               app_timer.o
    0x20002312   COMPRESSED   0x00000002   PAD
    0x20002314   COMPRESSED   0x0000001a   Data   RW         4853    .data               fds.o
    0x2000232e   COMPRESSED   0x00000002   Data   RW         5221    .data               fstorage.o
    0x20002330   COMPRESSED   0x00000002   Data   RW         5459    .data               nrf_log_backend_serial.o
    0x20002332   COMPRESSED   0x00000002   PAD
    0x20002334   COMPRESSED   0x00000004   Data   RW         5572    .data               nrf_log_frontend.o
    0x20002338   COMPRESSED   0x00000018   Data   RW         5858    .data               softdevice_handler.o
    0x20002350   COMPRESSED   0x00000004   Data   RW         6339    .data               system_nrf52.o
    0x20002354   COMPRESSED   0x00000010   Data   RW         4854    fs_data             fds.o
    0x20002364        -       0x000005cc   Zero   RW           46    .bss                main.o
    0x20002930        -       0x0000006c   Zero   RW          649    .bss                bsp.o
    0x2000299c        -       0x000000b3   Zero   RW          974    .bss                ble_advertising.o
    0x20002a4f   COMPRESSED   0x00000001   PAD
    0x20002a50        -       0x0000003c   Zero   RW         1092    .bss                ble_conn_params.o
    0x20002a8c        -       0x00000034   Zero   RW         1193    .bss                ble_conn_state.o
    0x20002ac0        -       0x000002a0   Zero   RW         1346    .bss                ble_db_discovery.o
    0x20002d60        -       0x00000070   Zero   RW         1773    .bss                id_manager.o
    0x20002dd0        -       0x00000330   Zero   RW         2171    .bss                peer_database.o
    0x20003100        -       0x00000040   Zero   RW         2337    .bss                peer_id.o
    0x20003140        -       0x0000000c   Zero   RW         2461    .bss                peer_manager.o
    0x2000314c        -       0x00000040   Zero   RW         2815    .bss                security_dispatcher.o
    0x2000318c        -       0x00000014   Zero   RW         3192    .bss                nrf_drv_clock.o
    0x200031a0        -       0x00000058   Zero   RW         3457    .bss                nrf_drv_gpiote.o
    0x200031f8        -       0x00000020   Zero   RW         3749    .bss                nrf_drv_uart.o
    0x20003218        -       0x0000000c   Zero   RW         4044    .bss                nrf_drv_twis.o
    0x20003224        -       0x00000020   Zero   RW         4261    .bss                app_button.o
    0x20003244        -       0x0000000c   Zero   RW         4692    .bss                app_util_platform.o
    0x20003250        -       0x0000011c   Zero   RW         4851    .bss                fds.o
    0x2000336c        -       0x00000068   Zero   RW         5220    .bss                fstorage.o
    0x200033d4        -       0x00000418   Zero   RW         5569    .bss                nrf_log_frontend.o
    0x200037ec        -       0x00000288   Zero   RW         5705    .bss                segger_rtt.o
    0x20003a74   COMPRESSED   0x00000004   PAD
    0x20003a78        -       0x00001000   Zero   RW         5989    STACK               arm_startup_nrf52.o


==============================================================================

Image component sizes


      Code (inc. data)   RO Data    RW Data    ZI Data      Debug   Object Name

       480         80          8         20         32      10182   app_button.o
        28          0          0          0          0       2281   app_error.o
       144         34          0          0          0      27521   app_error_weak.o
       416         72          0         14          0      21323   app_scheduler.o
      2324        264          0         34          0      54399   app_timer.o
        76          6          0          0          0       2157   app_timer_appsh.o
       200         24          0          0         12      10450   app_util_platform.o
        36          8        512          0       4096        920   arm_startup_nrf52.o
      1818          0          0          0          0      34120   ble_advdata.o
      1568        252          0         31        179      15899   ble_advertising.o
       706        120          4         21         60       7992   ble_conn_params.o
       724         76          0          0         52      13250   ble_conn_state.o
       792         66          0          4          0      12596   ble_cts_c.o
      2408        226        193         13        672      18131   ble_db_discovery.o
        48          0          0          0          0      18758   ble_srv_common.o
       370         30          8          0          0      12659   boards.o
      1442        128         44         21        108      14231   bsp.o
       338         10          0          8          0       9298   bsp_btn_ble.o
      4834        436         20         42        284      57322   fds.o
      1280         82          0          2        104      15075   fstorage.o
      1388         96          0          9          0      19756   gatt_cache_manager.o
       682         48         24         10          0      10415   gatts_cache_manager.o
      1946         90          8          3        112      25509   id_manager.o
      7018       2500        289        209       1484     177675   main.o
       358         34          0          0         20      13592   nrf_drv_clock.o
        96         12          0          0          0      27715   nrf_drv_common.o
      1630        104         71          0         88      33262   nrf_drv_gpiote.o
      1922         76         70          1         12      35245   nrf_drv_twis.o
       910          8          0          0         32      52801   nrf_drv_uart.o
      1006         32          0          2          0      10627   nrf_log_backend_serial.o
      1214         70         47          4       1048      13350   nrf_log_frontend.o
      1412         50          4         12          0      20540   peer_data_storage.o
      1854         70         20          9        816      26048   peer_database.o
       420         44          0          0         64       9695   peer_id.o
      2506        240         16         17         12      24077   peer_manager.o
       264          0          0          0          0       4375   pm_buffer.o
       244          0          0          0          0       5497   pm_mutex.o
       310          0          0          0          0       6424   sdk_mapped_flags.o
      2182        100         68          4         64      23992   security_dispatcher.o
      1586        168          4         19          0      19001   security_manager.o
       486         50          0          0        648       8081   segger_rtt.o
       950        198         66         24          0      44756   softdevice_handler.o
      1508        158          0          4          0      10487   system_nrf52.o

    ----------------------------------------------------------------------
     52022       6062       1520        572      10004     981484   Object Totals
         0          0         32          0          0          0   (incl. Generated)
        98          0         12         35          5          0   (incl. Padding)

    ----------------------------------------------------------------------

      Code (inc. data)   RO Data    RW Data    ZI Data      Debug   Library Member Name

        86          0          0          0          0          0   __dczerorl2.o
         8          4        133          0          0         68   ctype_o.o
         0          0          0          0          0          0   entry.o
         0          0          0          0          0          0   entry10a.o
         0          0          0          0          0          0   entry11a.o
         8          4          0          0          0          0   entry2.o
         4          0          0          0          0          0   entry5.o
         0          0          0          0          0          0   entry7b.o
         0          0          0          0          0          0   entry8b.o
         8          4          0          0          0          0   entry9a.o
        30          0          0          0          0          0   handlers.o
        36          8          0          0          0         68   init.o
        30          0          0          0          0         68   llshl.o
        32          0          0          0          0         68   llushr.o
        26          0          0          0          0         80   memcmp.o
        36          0          0          0          0         68   memcpya.o
        36          0          0          0          0        108   memseta.o
      1242         54          0          0          0        572   printf8.o
        18          0          0          0          0         68   strcpy.o
        14          0          0          0          0         68   strlen.o
        98          0          0          0          0         92   uldiv.o

    ----------------------------------------------------------------------
      1714         74        136          0          0       1328   Library Totals
         2          0          3          0          0          0   (incl. Padding)

    ----------------------------------------------------------------------

      Code (inc. data)   RO Data    RW Data    ZI Data      Debug   Library Name

      1712         74        133          0          0       1328   mc_w.l

    ----------------------------------------------------------------------
      1714         74        136          0          0       1328   Library Totals

    ----------------------------------------------------------------------

==============================================================================


      Code (inc. data)   RO Data    RW Data    ZI Data      Debug   

     53736       6136       1656        572      10004     921372   Grand Totals
     53736       6136       1656        164      10004     921372   ELF Image Totals (compressed)
     53736       6136       1656        164          0          0   ROM Totals

==============================================================================

    Total RO  Size (Code + RO Data)                55392 (  54.09kB)
    Total RW  Size (RW Data + ZI Data)             10576 (  10.33kB)
    Total ROM Size (Code + RO Data + RW Data)      55556 (  54.25kB)

==============================================================================

