<html>
<body>
<pre>
<h1>µVision Build Log</h1>
<h2>Tool Versions:</h2>
IDE-Version: µVision V5.30.0.0
Copyright (C) 2020 ARM Ltd and ARM Germany GmbH. All rights reserved.
License Information: Efe Saatci, Northwestern, LIC=LSNX7-ERYN6-12WLE-5T3WT-7EGBW-ZGH2F
 
Tool Versions:
Toolchain:       MDK-ARM Plus  Version: 5.30.0.0
Toolchain Path:  C:\Keil_v5\ARM\ARMCC\Bin
C Compiler:      Armcc.exe V5.06 update 6 (build 750)
Assembler:       Armasm.exe V5.06 update 6 (build 750)
Linker/Locator:  ArmLink.exe V5.06 update 6 (build 750)
Library Manager: ArmAr.exe V5.06 update 6 (build 750)
Hex Converter:   FromElf.exe V5.06 update 6 (build 750)
CPU DLL:         
Dialog DLL:      
Target DLL:      Segger\JL2CM3.dll V2.99.38.0
Dialog DLL:      TCM.DLL V1.42.0.0
 
<h2>Project:</h2>
C:\Users\Efe\Desktop\nRF5_SDK_12.3.0_d7731ad\examples\ble_peripheral\my_ble_efe\pca10040\s132\arm5_no_packs\ble_app_cts_c_pca10040_s132.uvprojx
Project File Date:  07/31/2020

<h2>Output:</h2>
*** Using Compiler 'V5.06 update 6 (build 750)', folder: 'C:\Keil_v5\ARM\ARMCC\Bin'
Rebuild target 'nrf52832_xxaa'
compiling bsp_nfc.c...
compiling boards.c...
compiling bsp_btn_ble.c...
compiling ble_srv_common.c...
compiling ble_advdata.c...
compiling ble_conn_state.c...
compiling ble_conn_params.c...
compiling bsp.c...
compiling ble_advertising.c...
compiling ble_db_discovery.c...
compiling main.c...
..\..\..\main.c(424): warning:  #188-D: enumerated type mixed with another type
          .scl_pull           = GPIO_PIN_CNF_PULL_Disabled,
..\..\..\main.c(426): warning:  #188-D: enumerated type mixed with another type
          .sda_pull           = GPIO_PIN_CNF_PULL_Disabled,
..\..\..\main.c(978): warning:  #167-D: argument of type "volatile uint8_t *" is incompatible with parameter of type "char *restrict"
      sprintf(current_time, "%d/%d/%d %d:%d:%d:%d\r\n", day, month, year, hours, minutes, seconds, fractions);
..\..\..\main.c(696): warning:  #177-D: variable "day_of_week"  was declared but never referenced
  static const char * day_of_week[8] = {"Unknown",
..\..\..\main.c(705): warning:  #177-D: variable "month_of_year"  was declared but never referenced
  static const char * month_of_year[13] = {"Unknown",
..\..\..\main.c(1522): warning:  #177-D: function "power_manage"  was declared but never referenced
  static void power_manage(void)
..\..\..\main.c: 6 warnings, 0 errors
compiling pm_mutex.c...
compiling pm_buffer.c...
compiling gatts_cache_manager.c...
compiling peer_id.c...
compiling peer_data.c...
compiling gatt_cache_manager.c...
compiling id_manager.c...
compiling peer_database.c...
compiling peer_data_storage.c...
compiling peer_manager.c...
compiling security_dispatcher.c...
compiling app_error_weak.c...
compiling nrf_drv_common.c...
compiling app_scheduler.c...
compiling app_error.c...
compiling security_manager.c...
compiling app_button.c...
compiling ble_cts_c.c...
compiling nrf_drv_twis.c...
compiling nrf_drv_gpiote.c...
compiling nrf_drv_clock.c...
compiling nrf_drv_uart.c...
compiling sdk_errors.c...
compiling hardfault_implementation.c...
compiling RTT_Syscalls_KEIL.c...
compiling crc16.c...
compiling SEGGER_RTT_printf.c...
compiling sdk_mapped_flags.c...
compiling nrf_assert.c...
compiling app_util_platform.c...
compiling fstorage.c...
compiling app_timer_appsh.c...
assembling arm_startup_nrf52.s...
compiling nrf_log_backend_serial.c...
compiling app_timer.c...
compiling nrf_log_frontend.c...
compiling fds.c...
compiling SEGGER_RTT.c...
compiling softdevice_handler.c...
compiling system_nrf52.c...
linking...
Program Size: Code=53736 RO-data=1656 RW-data=572 ZI-data=10004  
FromELF: creating hex file...
".\_build\nrf52832_xxaa.axf" - 0 Error(s), 6 Warning(s).

<h2>Software Packages used:</h2>

Package Vendor: ARM
                http://www.keil.com/pack/ARM.CMSIS.4.5.0.pack
                ARM.CMSIS.4.5.0
                CMSIS (Cortex Microcontroller Software Interface Standard)
   * Component: CORE Version: 4.3.0

Package Vendor: NordicSemiconductor
                http://developer.nordicsemi.com/nRF5_SDK/pieces/nRF_DeviceFamilyPack/NordicSemiconductor.nRF_DeviceFamilyPack.8.11.1.pack
                NordicSemiconductor.nRF_DeviceFamilyPack.8.11.1
                Nordic Semiconductor nRF ARM devices Device Family Pack.
   * Component: Startup Version: 8.11.1

<h2>Collection of Component include folders:</h2>
  .\RTE\_nrf52832_xxaa
  C:\Users\Efe\AppData\Local\Arm\Packs\ARM\CMSIS\4.5.0\CMSIS\Include
  C:\Users\Efe\AppData\Local\Arm\Packs\NordicSemiconductor\nRF_DeviceFamilyPack\8.11.1\Device\Include

<h2>Collection of Component Files used:</h2>

   * Component: ARM::CMSIS:CORE:4.3.0

   * Component: NordicSemiconductor::Device:Startup:8.11.1
      Source file:   Device\Source\arm\arm_startup_nrf52.s
      Include file:  Device\Include\system_nrf52.h
      Source file:   Device\Source\system_nrf52.c
Build Time Elapsed:  00:00:12
</pre>
</body>
</html>
